Component: ARM Compiler 5.06 update 3 (build 300) Tool: armlink [4d35c9]

==============================================================================

Section Cross References

    system_stm32f10x.o(.text) refers to system_stm32f10x.o(.data) for SystemCoreClock
    stm32f10x_gpio.o(.text) refers to stm32f10x_rcc.o(.text) for RCC_APB2PeriphResetCmd
    stm32f10x_rcc.o(.text) refers to stm32f10x_rcc.o(.data) for APBAHBPrescTable
    stm32f10x_usart.o(.text) refers to stm32f10x_rcc.o(.text) for RCC_APB2PeriphResetCmd
    stm32f10x_tim.o(.text) refers to stm32f10x_rcc.o(.text) for RCC_APB2PeriphResetCmd
    startup_stm32f10x_hd.o(STACK) refers (Special) to heapauxi.o(.text) for __use_two_region_memory
    startup_stm32f10x_hd.o(HEAP) refers (Special) to heapauxi.o(.text) for __use_two_region_memory
    startup_stm32f10x_hd.o(RESET) refers (Special) to heapauxi.o(.text) for __use_two_region_memory
    startup_stm32f10x_hd.o(RESET) refers to startup_stm32f10x_hd.o(STACK) for __initial_sp
    startup_stm32f10x_hd.o(RESET) refers to startup_stm32f10x_hd.o(.text) for Reset_Handler
    startup_stm32f10x_hd.o(RESET) refers to stm32f10x_it.o(.text) for NMI_Handler
    startup_stm32f10x_hd.o(RESET) refers to usart.o(.text) for USART1_IRQHandler
    startup_stm32f10x_hd.o(RESET) refers to esp8266_drive.o(.text) for USART2_IRQHandler
    startup_stm32f10x_hd.o(.text) refers (Special) to heapauxi.o(.text) for __use_two_region_memory
    startup_stm32f10x_hd.o(.text) refers to system_stm32f10x.o(.text) for SystemInit
    startup_stm32f10x_hd.o(.text) refers to __main.o(!!!main) for __main
    startup_stm32f10x_hd.o(.text) refers to startup_stm32f10x_hd.o(HEAP) for Heap_Mem
    startup_stm32f10x_hd.o(.text) refers to startup_stm32f10x_hd.o(STACK) for Stack_Mem
    gui.o(.text) refers to lcd_driver.o(.text) for TFT_SetWindow
    gui.o(.text) refers to gui.o(.constdata) for ASCII8x16
    lcd_driver.o(.text) refers to stm32f10x_rcc.o(.text) for RCC_APB2PeriphClockCmd
    lcd_driver.o(.text) refers to stm32f10x_gpio.o(.text) for GPIO_Init
    lcd_driver.o(.text) refers to stm32f10x_fsmc.o(.text) for FSMC_NORSRAMInit
    led.o(.text) refers to system_stm32f10x.o(.text) for SystemInit
    led.o(.text) refers to stm32f10x_rcc.o(.text) for RCC_APB2PeriphClockCmd
    led.o(.text) refers to stm32f10x_gpio.o(.text) for GPIO_Init
    led.o(.text) refers to public.o(.text) for delay
    main.o(.text) refers to drv_uart.o(.text) for drv_uart_rx_bytes
    main.o(.text) refers to sta_tcpclent_test.o(.text) for ESP8266_STA_TCPClient_Send_distance_To_OneNet
    main.o(.text) refers to systick.o(.text) for Systick_Init
    main.o(.text) refers to misc.o(.text) for NVIC_PriorityGroupConfig
    main.o(.text) refers to usart.o(.text) for USART1_Init
    main.o(.text) refers to esp8266_drive.o(.text) for ESP8266_Init
    main.o(.text) refers to __2printf.o(.text) for __2printf
    main.o(.text) refers to main.o(.bss) for rx_str
    main.o(.text) refers to main.o(.data) for jiaoyan
    esp8266_drive.o(.text) refers to _printf_percent.o(.ARM.Collect$$_printf_percent$$00000000) for _printf_percent
    esp8266_drive.o(.text) refers to _printf_s.o(.ARM.Collect$$_printf_percent$$00000014) for _printf_s
    esp8266_drive.o(.text) refers to _printf_str.o(.text) for _printf_str
    esp8266_drive.o(.text) refers to _printf_d.o(.ARM.Collect$$_printf_percent$$00000009) for _printf_d
    esp8266_drive.o(.text) refers to _printf_dec.o(.text) for _printf_int_dec
    esp8266_drive.o(.text) refers to stm32f10x_rcc.o(.text) for RCC_APB1PeriphClockCmd
    esp8266_drive.o(.text) refers to stm32f10x_gpio.o(.text) for GPIO_Init
    esp8266_drive.o(.text) refers to misc.o(.text) for NVIC_Init
    esp8266_drive.o(.text) refers to stm32f10x_usart.o(.text) for USART_Init
    esp8266_drive.o(.text) refers to strstr.o(.text) for strstr
    esp8266_drive.o(.text) refers to esp8266_public.o(.text) for USART_printf
    esp8266_drive.o(.text) refers to systick.o(.text) for delay_ms
    esp8266_drive.o(.text) refers to __2printf.o(.text) for __2printf
    esp8266_drive.o(.text) refers to __2sprintf.o(.text) for __2sprintf
    esp8266_drive.o(.text) refers to esp8266_drive.o(.bss) for ESP8266_Fram_Record_Struct
    esp8266_drive.o(.text) refers to sta_tcpclent_test.o(.data) for TcpClosedFlag
    esp8266_drive.o(.text) refers to rt_memclr_w.o(.text) for __aeabi_memclr4
    esp8266_public.o(.text) refers to stm32f10x_usart.o(.text) for USART_SendData
    sta_tcpclent_test.o(.text) refers to _printf_percent.o(.ARM.Collect$$_printf_percent$$00000000) for _printf_percent
    sta_tcpclent_test.o(.text) refers to _printf_d.o(.ARM.Collect$$_printf_percent$$00000009) for _printf_d
    sta_tcpclent_test.o(.text) refers to _printf_dec.o(.text) for _printf_int_dec
    sta_tcpclent_test.o(.text) refers to rt_memclr_w.o(.text) for __aeabi_memclr4
    sta_tcpclent_test.o(.text) refers to esp8266_drive.o(.text) for ESP8266_ExitUnvarnishSend
[...]
    ../clib/printf_percent.s                 0x00000000   Number         0  _printf_e.o ABSOLUTE
    ../clib/printf_percent.s                 0x00000000   Number         0  _printf_g.o ABSOLUTE
    ../clib/printf_percent.s                 0x00000000   Number         0  _printf_a.o ABSOLUTE
    ../clib/printf_percent.s                 0x00000000   Number         0  _printf_l.o ABSOLUTE
    ../clib/printf_percent.s                 0x00000000   Number         0  _printf_llu.o ABSOLUTE
    ../clib/printf_percent.s                 0x00000000   Number         0  _printf_f.o ABSOLUTE
    ../clib/printf_percent.s                 0x00000000   Number         0  _printf_llx.o ABSOLUTE
    ../clib/printf_percent.s                 0x00000000   Number         0  _printf_lc.o ABSOLUTE
    ../clib/printf_percent.s                 0x00000000   Number         0  _printf_llo.o ABSOLUTE
    ../clib/printf_percent.s                 0x00000000   Number         0  _printf_ls.o ABSOLUTE
    ../clib/printf_percent.s                 0x00000000   Number         0  _printf_x.o ABSOLUTE
    ../clib/printf_percent.s                 0x00000000   Number         0  _printf_p.o ABSOLUTE
    ../clib/printf_percent.s                 0x00000000   Number         0  _printf_lld.o ABSOLUTE
    ../clib/printf_percent.s                 0x00000000   Number         0  _printf_o.o ABSOLUTE
    ../clib/printf_percent.s                 0x00000000   Number         0  _printf_i.o ABSOLUTE
    ../clib/printf_percent.s                 0x00000000   Number         0  _printf_u.o ABSOLUTE
    ../clib/printf_percent.s                 0x00000000   Number         0  _printf_s.o ABSOLUTE
    ../clib/printf_percent.s                 0x00000000   Number         0  _printf_lli.o ABSOLUTE
    ../clib/printf_percent.s                 0x00000000   Number         0  _printf_c.o ABSOLUTE
    ../clib/signal.c                         0x00000000   Number         0  defsig_rtmem_inner.o ABSOLUTE
    ../clib/signal.c                         0x00000000   Number         0  __raise.o ABSOLUTE
    ../clib/signal.c                         0x00000000   Number         0  defsig_general.o ABSOLUTE
    ../clib/signal.c                         0x00000000   Number         0  defsig_rtmem_formal.o ABSOLUTE
    ../clib/signal.c                         0x00000000   Number         0  defsig_abrt_inner.o ABSOLUTE
    ../clib/signal.c                         0x00000000   Number         0  defsig_fpe_inner.o ABSOLUTE
    ../clib/signal.c                         0x00000000   Number         0  defsig_rtred_inner.o ABSOLUTE
    ../clib/signal.c                         0x00000000   Number         0  defsig_stak_inner.o ABSOLUTE
    ../clib/signal.c                         0x00000000   Number         0  defsig_pvfn_inner.o ABSOLUTE
    ../clib/signal.c                         0x00000000   Number         0  defsig_cppl_inner.o ABSOLUTE
    ../clib/signal.c                         0x00000000   Number         0  defsig_segv_inner.o ABSOLUTE
    ../clib/signal.c                         0x00000000   Number         0  defsig_other.o ABSOLUTE
    ../clib/signal.c                         0x00000000   Number         0  defsig_rtmem_outer.o ABSOLUTE
    ../clib/signal.c                         0x00000000   Number         0  defsig_exit.o ABSOLUTE
    ../clib/signal.s                         0x00000000   Number         0  defsig.o ABSOLUTE
    ../clib/stdio.c                          0x00000000   Number         0  ferror.o ABSOLUTE
    ../clib/stdio.c                          0x00000000   Number         0  ferror_locked.o ABSOLUTE
    ../clib/stdlib.c                         0x00000000   Number         0  exit.o ABSOLUTE
    ../clib/string.c                         0x00000000   Number         0  strstr.o ABSOLUTE
    ../clib/string.c                         0x00000000   Number         0  strcat.o ABSOLUTE
    ../clib/string.c                         0x00000000   Number         0  strcpy.o ABSOLUTE
    ../clib/string.c                         0x00000000   Number         0  strlen.o ABSOLUTE
    ../fplib/fpinit.s                        0x00000000   Number         0  fpinit.o ABSOLUTE
    ../fplib/istatus.s                       0x00000000   Number         0  istatus.o ABSOLUTE
    ../fplib/printf1.s                       0x00000000   Number         0  printf1.o ABSOLUTE
    ../fplib/usenofp.s                       0x00000000   Number         0  usenofp.o ABSOLUTE
    ../mathlib/fpclassify.c                  0x00000000   Number         0  fpclassify.o ABSOLUTE
    CMSIS\\core_cm3.c                        0x00000000   Number         0  core_cm3.o ABSOLUTE
    CMSIS\core_cm3.c                         0x00000000   Number         0  core_cm3.o ABSOLUTE
    CMSIS\system_stm32f10x.c                 0x00000000   Number         0  system_stm32f10x.o ABSOLUTE
    Public\SysTick.c                         0x00000000   Number         0  systick.o ABSOLUTE
    Public\system.c                          0x00000000   Number         0  system.o ABSOLUTE
    Public\usart.c                           0x00000000   Number         0  usart.o ABSOLUTE
    StartUp\startup_stm32f10x_hd.s           0x00000000   Number         0  startup_stm32f10x_hd.o ABSOLUTE
    StdPeriphDriver\src\misc.c               0x00000000   Number         0  misc.o ABSOLUTE
    StdPeriphDriver\src\stm32f10x_flash.c    0x00000000   Number         0  stm32f10x_flash.o ABSOLUTE
    StdPeriphDriver\src\stm32f10x_fsmc.c     0x00000000   Number         0  stm32f10x_fsmc.o ABSOLUTE
    StdPeriphDriver\src\stm32f10x_gpio.c     0x00000000   Number         0  stm32f10x_gpio.o ABSOLUTE
    StdPeriphDriver\src\stm32f10x_rcc.c      0x00000000   Number         0  stm32f10x_rcc.o ABSOLUTE
    StdPeriphDriver\src\stm32f10x_tim.c      0x00000000   Number         0  stm32f10x_tim.o ABSOLUTE
    StdPeriphDriver\src\stm32f10x_usart.c    0x00000000   Number         0  stm32f10x_usart.o ABSOLUTE
    Users\main.c                             0x00000000   Number         0  main.o ABSOLUTE
    Users\public.c                           0x00000000   Number         0  public.o ABSOLUTE
    Users\stm32f10x_it.c                     0x00000000   Number         0  stm32f10x_it.o ABSOLUTE
    app\esp8266\ESP8266_Public\esp8266_public.c 0x00000000   Number         0  esp8266_public.o ABSOLUTE
    app\esp8266\ESP8266_drive\esp8266_drive.c 0x00000000   Number         0  esp8266_drive.o ABSOLUTE
    app\esp8266\STA_TCPClent_Test\sta_tcpclent_test.c 0x00000000   Number         0  sta_tcpclent_test.o ABSOLUTE
    app\gui\gui.c                            0x00000000   Number         0  gui.o ABSOLUTE
    app\lcd\lcd_driver.c                     0x00000000   Number         0  lcd_driver.o ABSOLUTE
    app\led\led.c                            0x00000000   Number         0  led.o ABSOLUTE
    dc.s                                     0x00000000   Number         0  dc.o ABSOLUTE
    lora\drv_mcu\src\drv_delay.c             0x00000000   Number         0  drv_delay.o ABSOLUTE
    lora\drv_mcu\src\drv_led.c               0x00000000   Number         0  drv_led.o ABSOLUTE
    lora\drv_mcu\src\drv_uart.c              0x00000000   Number         0  drv_uart.o ABSOLUTE
    RESET                                    0x08000000   Section      304  startup_stm32f10x_hd.o(RESET)
    !!!main                                  0x08000130   Section        8  __main.o(!!!main)
    !!!scatter                               0x08000138   Section       52  __scatter.o(!!!scatter)
    !!handler_copy                           0x0800016c   Section       26  __scatter_copy.o(!!handler_copy)
    !!handler_zi                             0x08000188   Section       28  __scatter_zi.o(!!handler_zi)
    .ARM.Collect$$_printf_percent$$00000000  0x080001a4   Section        0  _printf_percent.o(.ARM.Collect$$_printf_percent$$00000000)
    .ARM.Collect$$_printf_percent$$00000001  0x080001a4   Section        6  _printf_n.o(.ARM.Collect$$_printf_percent$$00000001)
    .ARM.Collect$$_printf_percent$$00000002  0x080001aa   Section        6  _printf_p.o(.ARM.Collect$$_printf_percent$$00000002)
    .ARM.Collect$$_printf_percent$$00000003  0x080001b0   Section        6  _printf_f.o(.ARM.Collect$$_printf_percent$$00000003)
    .ARM.Collect$$_printf_percent$$00000004  0x080001b6   Section        6  _printf_e.o(.ARM.Collect$$_printf_percent$$00000004)
    .ARM.Collect$$_printf_percent$$00000005  0x080001bc   Section        6  _printf_g.o(.ARM.Collect$$_printf_percent$$00000005)
    .ARM.Collect$$_printf_percent$$00000006  0x080001c2   Section        6  _printf_a.o(.ARM.Collect$$_printf_percent$$00000006)
    .ARM.Collect$$_printf_percent$$00000007  0x080001c8   Section       10  _printf_ll.o(.ARM.Collect$$_printf_percent$$00000007)
    .ARM.Collect$$_printf_percent$$00000008  0x080001d2   Section        6  _printf_i.o(.ARM.Collect$$_printf_percent$$00000008)
    .ARM.Collect$$_printf_percent$$00000009  0x080001d8   Section        6  _printf_d.o(.ARM.Collect$$_printf_percent$$00000009)
    .ARM.Collect$$_printf_percent$$0000000A  0x080001de   Section        6  _printf_u.o(.ARM.Collect$$_printf_percent$$0000000A)
    .ARM.Collect$$_printf_percent$$0000000B  0x080001e4   Section        6  _printf_o.o(.ARM.Collect$$_printf_percent$$0000000B)
    .ARM.Collect$$_printf_percent$$0000000C  0x080001ea   Section        6  _printf_x.o(.ARM.Collect$$_printf_percent$$0000000C)
    .ARM.Collect$$_printf_percent$$0000000D  0x080001f0   Section        6  _printf_lli.o(.ARM.Collect$$_printf_percent$$0000000D)
    .ARM.Collect$$_printf_percent$$0000000E  0x080001f6   Section        6  _printf_lld.o(.ARM.Collect$$_printf_percent$$0000000E)
    .ARM.Collect$$_printf_percent$$0000000F  0x080001fc   Section        6  _printf_llu.o(.ARM.Collect$$_printf_percent$$0000000F)
    .ARM.Collect$$_printf_percent$$00000010  0x08000202   Section        6  _printf_llo.o(.ARM.Collect$$_printf_percent$$00000010)
    .ARM.Collect$$_printf_percent$$00000011  0x08000208   Section        6  _printf_llx.o(.ARM.Collect$$_printf_percent$$00000011)
    .ARM.Collect$$_printf_percent$$00000012  0x0800020e   Section       10  _printf_l.o(.ARM.Collect$$_printf_percent$$00000012)
    .ARM.Collect$$_printf_percent$$00000013  0x08000218   Section        6  _printf_c.o(.ARM.Collect$$_printf_percent$$00000013)
    .ARM.Collect$$_printf_percent$$00000014  0x0800021e   Section        6  _printf_s.o(.ARM.Collect$$_printf_percent$$00000014)
    .ARM.Collect$$_printf_percent$$00000015  0x08000224   Section        6  _printf_lc.o(.ARM.Collect$$_printf_percent$$00000015)
    .ARM.Collect$$_printf_percent$$00000016  0x0800022a   Section        6  _printf_ls.o(.ARM.Collect$$_printf_percent$$00000016)
    .ARM.Collect$$_printf_percent$$00000017  0x08000230   Section        4  _printf_percent_end.o(.ARM.Collect$$_printf_percent$$00000017)
    .ARM.Collect$$libinit$$00000000          0x08000234   Section        2  libinit.o(.ARM.Collect$$libinit$$00000000)
    .ARM.Collect$$libinit$$00000002          0x08000236   Section        0  libinit2.o(.ARM.Collect$$libinit$$00000002)
    .ARM.Collect$$libinit$$00000004          0x08000236   Section        0  libinit2.o(.ARM.Collect$$libinit$$00000004)
    .ARM.Collect$$libinit$$0000000A          0x08000236   Section        0  libinit2.o(.ARM.Collect$$libinit$$0000000A)
    .ARM.Collect$$libinit$$0000000C          0x08000236   Section        0  libinit2.o(.ARM.Collect$$libinit$$0000000C)
    .ARM.Collect$$libinit$$0000000E          0x08000236   Section        0  libinit2.o(.ARM.Collect$$libinit$$0000000E)
    .ARM.Collect$$libinit$$0000000F          0x08000236   Section        6  libinit2.o(.ARM.Collect$$libinit$$0000000F)
    .ARM.Collect$$libinit$$00000011          0x0800023c   Section        0  libinit2.o(.ARM.Collect$$libinit$$00000011)
    .ARM.Collect$$libinit$$00000012          0x0800023c   Section       12  libinit2.o(.ARM.Collect$$libinit$$00000012)
    .ARM.Collect$$libinit$$00000013          0x08000248   Section        0  libinit2.o(.ARM.Collect$$libinit$$00000013)
    .ARM.Collect$$libinit$$00000015          0x08000248   Section        0  libinit2.o(.ARM.Collect$$libinit$$00000015)
    .ARM.Collect$$libinit$$00000016          0x08000248   Section       10  libinit2.o(.ARM.Collect$$libinit$$00000016)
    .ARM.Collect$$libinit$$00000017          0x08000252   Section        0  libinit2.o(.ARM.Collect$$libinit$$00000017)
    .ARM.Collect$$libinit$$00000019          0x08000252   Section        0  libinit2.o(.ARM.Collect$$libinit$$00000019)
    .ARM.Collect$$libinit$$0000001B          0x08000252   Section        0  libinit2.o(.ARM.Collect$$libinit$$0000001B)
    .ARM.Collect$$libinit$$0000001D          0x08000252   Section        0  libinit2.o(.ARM.Collect$$libinit$$0000001D)
    .ARM.Collect$$libinit$$0000001F          0x08000252   Section        0  libinit2.o(.ARM.Collect$$libinit$$0000001F)
    .ARM.Collect$$libinit$$00000021          0x08000252   Section        0  libinit2.o(.ARM.Collect$$libinit$$00000021)
    .ARM.Collect$$libinit$$00000023          0x08000252   Section        0  libinit2.o(.ARM.Collect$$libinit$$00000023)
    .ARM.Collect$$libinit$$00000025          0x08000252   Section        0  libinit2.o(.ARM.Collect$$libinit$$00000025)
    .ARM.Collect$$libinit$$0000002C          0x08000252   Section        0  libinit2.o(.ARM.Collect$$libinit$$0000002C)
    .ARM.Collect$$libinit$$0000002E          0x08000252   Section        0  libinit2.o(.ARM.Collect$$libinit$$0000002E)
    .ARM.Collect$$libinit$$00000030          0x08000252   Section        0  libinit2.o(.ARM.Collect$$libinit$$00000030)
    .ARM.Collect$$libinit$$00000032          0x08000252   Section        0  libinit2.o(.ARM.Collect$$libinit$$00000032)
    .ARM.Collect$$libinit$$00000033          0x08000252   Section        2  libinit2.o(.ARM.Collect$$libinit$$00000033)
    .ARM.Collect$$libshutdown$$00000000      0x08000254   Section        2  libshutdown.o(.ARM.Collect$$libshutdown$$00000000)
    .ARM.Collect$$libshutdown$$00000002      0x08000256   Section        0  libshutdown2.o(.ARM.Collect$$libshutdown$$00000002)
    .ARM.Collect$$libshutdown$$00000004      0x08000256   Section        0  libshutdown2.o(.ARM.Collect$$libshutdown$$00000004)
    .ARM.Collect$$libshutdown$$00000007      0x08000256   Section        0  libshutdown2.o(.ARM.Collect$$libshutdown$$00000007)
    .ARM.Collect$$libshutdown$$0000000A      0x08000256   Section        0  libshutdown2.o(.ARM.Collect$$libshutdown$$0000000A)
    .ARM.Collect$$libshutdown$$0000000C      0x08000256   Section        0  libshutdown2.o(.ARM.Collect$$libshutdown$$0000000C)
    .ARM.Collect$$libshutdown$$0000000F      0x08000256   Section        0  libshutdown2.o(.ARM.Collect$$libshutdown$$0000000F)
    .ARM.Collect$$libshutdown$$00000010      0x08000256   Section        2  libshutdown2.o(.ARM.Collect$$libshutdown$$00000010)
    .ARM.Collect$$rtentry$$00000000          0x08000258   Section        0  __rtentry.o(.ARM.Collect$$rtentry$$00000000)
    .ARM.Collect$$rtentry$$00000002          0x08000258   Section        0  __rtentry2.o(.ARM.Collect$$rtentry$$00000002)
    .ARM.Collect$$rtentry$$00000004          0x08000258   Section        6  __rtentry4.o(.ARM.Collect$$rtentry$$00000004)
    .ARM.Collect$$rtentry$$00000009          0x0800025e   Section        0  __rtentry2.o(.ARM.Collect$$rtentry$$00000009)
    .ARM.Collect$$rtentry$$0000000A          0x0800025e   Section        4  __rtentry2.o(.ARM.Collect$$rtentry$$0000000A)
    .ARM.Collect$$rtentry$$0000000C          0x08000262   Section        0  __rtentry2.o(.ARM.Collect$$rtentry$$0000000C)
    .ARM.Collect$$rtentry$$0000000D          0x08000262   Section        8  __rtentry2.o(.ARM.Collect$$rtentry$$0000000D)
    .ARM.Collect$$rtexit$$00000000           0x0800026a   Section        2  rtexit.o(.ARM.Collect$$rtexit$$00000000)
    .ARM.Collect$$rtexit$$00000002           0x0800026c   Section        0  rtexit2.o(.ARM.Collect$$rtexit$$00000002)
    .ARM.Collect$$rtexit$$00000003           0x0800026c   Section        4  rtexit2.o(.ARM.Collect$$rtexit$$00000003)
    .ARM.Collect$$rtexit$$00000004           0x08000270   Section        6  rtexit2.o(.ARM.Collect$$rtexit$$00000004)
    .text                                    0x08000278   Section        0  system_stm32f10x.o(.text)
    SetSysClockTo72                          0x08000279   Thumb Code   214  system_stm32f10x.o(.text)
    SetSysClock                              0x0800034f   Thumb Code     8  system_stm32f10x.o(.text)
    .text                                    0x08000458   Section        0  misc.o(.text)
    .text                                    0x08000534   Section        0  stm32f10x_gpio.o(.text)
    .text                                    0x08000890   Section        0  stm32f10x_rcc.o(.text)
    .text                                    0x08000c34   Section        0  stm32f10x_usart.o(.text)
    .text                                    0x0800103c   Section       64  startup_stm32f10x_hd.o(.text)
    .text                                    0x0800107c   Section        0  main.o(.text)
    .text                                    0x080011c4   Section        0  stm32f10x_it.o(.text)
    .text                                    0x080011e0   Section        0  esp8266_drive.o(.text)
    .text                                    0x080018d0   Section        0  esp8266_public.o(.text)
    itoa                                     0x080018d1   Thumb Code    98  esp8266_public.o(.text)
    .text                                    0x08001a38   Section        0  sta_tcpclent_test.o(.text)
    .text                                    0x08001fa0   Section        0  systick.o(.text)
    .text                                    0x0800206c   Section        0  usart.o(.text)
    .text                                    0x0800217c   Section        0  drv_uart.o(.text)
    .text                                    0x08002274   Section        0  c89printf.o(.text)
    .text                                    0x0800228c   Section        0  __2printf.o(.text)
    .text                                    0x080022a4   Section        0  __2sprintf.o(.text)
    .text                                    0x080022d0   Section        0  _printf_str.o(.text)
    .text                                    0x08002324   Section        0  _printf_dec.o(.text)
    .text                                    0x0800239c   Section        0  __printf_flags_ss_wp.o(.text)
    .text                                    0x08002524   Section        0  strstr.o(.text)
    .text                                    0x08002548   Section        0  strcpy.o(.text)
    .text                                    0x08002590   Section        0  strlen.o(.text)
    .text                                    0x080025ce   Section        0  strcat.o(.text)
    .text                                    0x080025e6   Section       78  rt_memclr_w.o(.text)
    .text                                    0x08002634   Section        0  heapauxi.o(.text)
    .text                                    0x0800263a   Section        0  _printf_pad.o(.text)
    .text                                    0x08002688   Section        0  _printf_truncate.o(.text)
    .text                                    0x080026ac   Section        0  _printf_intcommon.o(.text)
    .text                                    0x0800275e   Section        0  _printf_charcount.o(.text)
    .text                                    0x08002788   Section        0  _printf_char_common.o(.text)
    _printf_input_char                       0x08002789   Thumb Code    10  _printf_char_common.o(.text)
    .text                                    0x080027b8   Section        0  _sputc.o(.text)
    .text                                    0x080027c2   Section        0  _printf_char.o(.text)
    .text                                    0x080027f0   Section        0  _printf_char_file.o(.text)
    .text                                    0x08002814   Section        0  _printf_wctomb.o(.text)
    .text                                    0x080028d0   Section        0  _printf_longlong_dec.o(.text)
    .text                                    0x0800294c   Section        0  _printf_oct_int_ll.o(.text)
    _printf_longlong_oct_internal            0x0800294d   Thumb Code     0  _printf_oct_int_ll.o(.text)
    .text                                    0x080029bc   Section        0  _printf_hex_int_ll_ptr.o(.text)
    _printf_hex_common                       0x080029bd   Thumb Code     0  _printf_hex_int_ll_ptr.o(.text)
    .text                                    0x08002a50   Section      138  lludiv10.o(.text)
    .text                                    0x08002ada   Section        0  _printf_fp_dec.o(.text)
    _fp_digits                               0x08002add   Thumb Code   428  _printf_fp_dec.o(.text)
    .text                                    0x08002ef4   Section        0  _printf_wchar.o(.text)
    .text                                    0x08002f20   Section        0  ferror.o(.text)
    .text                                    0x08002f28   Section        0  _wcrtomb.o(.text)
    .text                                    0x08002f68   Section       74  sys_stackheap_outer.o(.text)
    .text                                    0x08002fb4   Section       16  rt_ctype_table.o(.text)
    .text                                    0x08002fc4   Section        8  rt_locale_intlibspace.o(.text)
    .text                                    0x08002fcc   Section        0  _printf_fp_infnan.o(.text)
    .text                                    0x0800304c   Section        0  bigflt0.o(.text)
    .text                                    0x08003128   Section        0  exit.o(.text)
    .text                                    0x0800313c   Section        8  libspace.o(.text)
    .text                                    0x08003144   Section      128  strcmpv7m.o(.text)
    CL$$btod_d2e                             0x080031c4   Section       62  btod.o(CL$$btod_d2e)
    CL$$btod_d2e_denorm_low                  0x08003202   Section       70  btod.o(CL$$btod_d2e_denorm_low)
    CL$$btod_d2e_norm_op1                    0x08003248   Section       96  btod.o(CL$$btod_d2e_norm_op1)
    CL$$btod_div_common                      0x080032a8   Section      824  btod.o(CL$$btod_div_common)
    CL$$btod_e2e                             0x080035e0   Section      198  btod.o(CL$$btod_e2e)
    CL$$btod_ediv                            0x080036a6   Section       40  btod.o(CL$$btod_ediv)
    CL$$btod_emul                            0x080036ce   Section       40  btod.o(CL$$btod_emul)
    CL$$btod_mult_common                     0x080036f6   Section      580  btod.o(CL$$btod_mult_common)
    i.__ARM_fpclassify                       0x0800393a   Section        0  fpclassify.o(i.__ARM_fpclassify)
    i._is_digit                              0x08003962   Section        0  __printf_wp.o(i._is_digit)
    locale$$code                             0x08003970   Section       44  lc_numeric_c.o(locale$$code)
    locale$$code                             0x0800399c   Section       44  lc_ctype_c.o(locale$$code)
    x$fpl$printf1                            0x080039c8   Section        4  printf1.o(x$fpl$printf1)
    .constdata                               0x080039cc   Section       17  __printf_flags_ss_wp.o(.constdata)
    x$fpl$usenofp                            0x080039cc   Section        0  usenofp.o(x$fpl$usenofp)
    maptable                                 0x080039cc   Data          17  __printf_flags_ss_wp.o(.constdata)
    .constdata                               0x080039e0   Section        8  _printf_wctomb.o(.constdata)
    initial_mbstate                          0x080039e0   Data           8  _printf_wctomb.o(.constdata)
    .constdata                               0x080039e8   Section       40  _printf_hex_int_ll_ptr.o(.constdata)
    uc_hextab                                0x080039e8   Data          20  _printf_hex_int_ll_ptr.o(.constdata)
    lc_hextab                                0x080039fc   Data          20  _printf_hex_int_ll_ptr.o(.constdata)
    .constdata                               0x08003a10   Section      148  bigflt0.o(.constdata)
    tenpwrs_x                                0x08003a10   Data          60  bigflt0.o(.constdata)
    tenpwrs_i                                0x08003a4c   Data          64  bigflt0.o(.constdata)
    .conststring                             0x08003aa4   Section      317  sta_tcpclent_test.o(.conststring)
    locale$$data                             0x08003c04   Section       28  lc_numeric_c.o(locale$$data)
    __lcnum_c_name                           0x08003c08   Data           2  lc_numeric_c.o(locale$$data)
    __lcnum_c_start                          0x08003c10   Data           0  lc_numeric_c.o(locale$$data)
    __lcnum_c_point                          0x08003c1c   Data           0  lc_numeric_c.o(locale$$data)
    __lcnum_c_thousands                      0x08003c1e   Data           0  lc_numeric_c.o(locale$$data)
    __lcnum_c_grouping                       0x08003c1f   Data           0  lc_numeric_c.o(locale$$data)
    locale$$data                             0x08003c20   Section      272  lc_ctype_c.o(locale$$data)
    __lcnum_c_end                            0x08003c20   Data           0  lc_numeric_c.o(locale$$data)
    __lcctype_c_name                         0x08003c24   Data           2  lc_ctype_c.o(locale$$data)
    __lcctype_c_start                        0x08003c2c   Data           0  lc_ctype_c.o(locale$$data)
    __lcctype_c_end                          0x08003d30   Data           0  lc_ctype_c.o(locale$$data)
    .data                                    0x20000000   Section       20  system_stm32f10x.o(.data)
    .data                                    0x20000014   Section       20  stm32f10x_rcc.o(.data)
    APBAHBPrescTable                         0x20000014   Data          16  stm32f10x_rcc.o(.data)
    ADCPrescTable                            0x20000024   Data           4  stm32f10x_rcc.o(.data)
    .data                                    0x20000028   Section       35  main.o(.data)
    .data                                    0x2000004b   Section        1  sta_tcpclent_test.o(.data)
    .data                                    0x2000004c   Section        4  systick.o(.data)
    fac_us                                   0x2000004c   Data           1  systick.o(.data)
    fac_ms                                   0x2000004e   Data           2  systick.o(.data)
    .data                                    0x20000050   Section        6  usart.o(.data)
    .bss                                     0x20000058   Section       80  main.o(.bss)
    .bss                                     0x200000a8   Section     1026  esp8266_drive.o(.bss)
    .bss                                     0x200004aa   Section      200  usart.o(.bss)
    .bss                                     0x20000574   Section       96  libspace.o(.bss)
    HEAP                                     0x200005d8   Section      512  startup_stm32f10x_hd.o(HEAP)
    Heap_Mem                                 0x200005d8   Data         512  startup_stm32f10x_hd.o(HEAP)
    STACK                                    0x200007d8   Section     1024  startup_stm32f10x_hd.o(STACK)
    Stack_Mem                                0x200007d8   Data        1024  startup_stm32f10x_hd.o(STACK)
    __initial_sp                             0x20000bd8   Data           0  startup_stm32f10x_hd.o(STACK)

    Global Symbols

    Symbol Name                              Value     Ov Type        Size  Object(Section)

    BuildAttributes$$THM_ISAv4$P$D$K$B$S$PE$A:L22UL41UL21$X:L11$S22US41US21$IEEE1$IW$USESV6$~STKCKD$USESV7$~SHL$OTIME$ROPI$IEEEJ$EBA8$UX$STANDARDLIB$REQ8$PRES8$EABIv2 0x00000000   Number         0  anon$$obj.o ABSOLUTE
    __ARM_use_no_argv                        0x00000000   Number         0  main.o ABSOLUTE
    _printf_flags                            0x00000000   Number         0  printf_stubs.o ABSOLUTE
    _printf_return_value                     0x00000000   Number         0  printf_stubs.o ABSOLUTE
    _printf_sizespec                         0x00000000   Number         0  printf_stubs.o ABSOLUTE
    _printf_widthprec                        0x00000000   Number         0  printf_stubs.o ABSOLUTE
    __ARM_exceptions_init                     - Undefined Weak Reference
    __alloca_initialize                       - Undefined Weak Reference
    __arm_preinit_                            - Undefined Weak Reference
    __cpp_initialize__aeabi_                  - Undefined Weak Reference
    __cxa_finalize                            - Undefined Weak Reference
    __sigvec_lookup                           - Undefined Weak Reference
    _atexit_init                              - Undefined Weak Reference
    _call_atexit_fns                          - Undefined Weak Reference
    _clock_init                               - Undefined Weak Reference
    _fp_trap_init                             - Undefined Weak Reference
    _fp_trap_shutdown                         - Undefined Weak Reference
    _get_lc_collate                           - Undefined Weak Reference
    _get_lc_monetary                          - Undefined Weak Reference
    _get_lc_time                              - Undefined Weak Reference
    _getenv_init                              - Undefined Weak Reference
    _handle_redirection                       - Undefined Weak Reference
    _init_alloc                               - Undefined Weak Reference
    _init_user_alloc                          - Undefined Weak Reference
    _initio                                   - Undefined Weak Reference
    _mutex_acquire                            - Undefined Weak Reference
    _mutex_release                            - Undefined Weak Reference
    _printf_fp_hex                            - Undefined Weak Reference
    _printf_mbtowc                            - Undefined Weak Reference
    _printf_wc                                - Undefined Weak Reference
    _rand_init                                - Undefined Weak Reference
    _signal_finish                            - Undefined Weak Reference
    _signal_init                              - Undefined Weak Reference
    _terminate_alloc                          - Undefined Weak Reference
    _terminate_user_alloc                     - Undefined Weak Reference
    _terminateio                              - Undefined Weak Reference
    __Vectors_Size                           0x00000130   Number         0  startup_stm32f10x_hd.o ABSOLUTE
    __Vectors                                0x08000000   Data           4  startup_stm32f10x_hd.o(RESET)
    __Vectors_End                            0x08000130   Data           0  startup_stm32f10x_hd.o(RESET)
    __main                                   0x08000131   Thumb Code     8  __main.o(!!!main)
    __scatterload                            0x08000139   Thumb Code     0  __scatter.o(!!!scatter)
    __scatterload_rt2                        0x08000139   Thumb Code    44  __scatter.o(!!!scatter)
    __scatterload_rt2_thumb_only             0x08000139   Thumb Code     0  __scatter.o(!!!scatter)
    __scatterload_null                       0x08000147   Thumb Code     0  __scatter.o(!!!scatter)
    __scatterload_copy                       0x0800016d   Thumb Code    26  __scatter_copy.o(!!handler_copy)
    __scatterload_zeroinit                   0x08000189   Thumb Code    28  __scatter_zi.o(!!handler_zi)
    _printf_n                                0x080001a5   Thumb Code     0  _printf_n.o(.ARM.Collect$$_printf_percent$$00000001)
    _printf_percent                          0x080001a5   Thumb Code     0  _printf_percent.o(.ARM.Collect$$_printf_percent$$00000000)
    _printf_p                                0x080001ab   Thumb Code     0  _printf_p.o(.ARM.Collect$$_printf_percent$$00000002)
    _printf_f                                0x080001b1   Thumb Code     0  _printf_f.o(.ARM.Collect$$_printf_percent$$00000003)
    _printf_e                                0x080001b7   Thumb Code     0  _printf_e.o(.ARM.Collect$$_printf_percent$$00000004)
    _printf_g                                0x080001bd   Thumb Code     0  _printf_g.o(.ARM.Collect$$_printf_percent$$00000005)
    _printf_a                                0x080001c3   Thumb Code     0  _printf_a.o(.ARM.Collect$$_printf_percent$$00000006)
    _printf_ll                               0x080001c9   Thumb Code     0  _printf_ll.o(.ARM.Collect$$_printf_percent$$00000007)
    _printf_i                                0x080001d3   Thumb Code     0  _printf_i.o(.ARM.Collect$$_printf_percent$$00000008)
    _printf_d                                0x080001d9   Thumb Code     0  _printf_d.o(.ARM.Collect$$_printf_percent$$00000009)
    _printf_u                                0x080001df   Thumb Code     0  _printf_u.o(.ARM.Collect$$_printf_percent$$0000000A)
    _printf_o                                0x080001e5   Thumb Code     0  _printf_o.o(.ARM.Collect$$_printf_percent$$0000000B)
    _printf_x                                0x080001eb   Thumb Code     0  _printf_x.o(.ARM.Collect$$_printf_percent$$0000000C)
    _printf_lli                              0x080001f1   Thumb Code     0  _printf_lli.o(.ARM.Collect$$_printf_percent$$0000000D)
    _printf_lld                              0x080001f7   Thumb Code     0  _printf_lld.o(.ARM.Collect$$_printf_percent$$0000000E)
    _printf_llu                              0x080001fd   Thumb Code     0  _printf_llu.o(.ARM.Collect$$_printf_percent$$0000000F)
    _printf_llo                              0x08000203   Thumb Code     0  _printf_llo.o(.ARM.Collect$$_printf_percent$$00000010)
    _printf_llx                              0x08000209   Thumb Code     0  _printf_llx.o(.ARM.Collect$$_printf_percent$$00000011)
    _printf_l                                0x0800020f   Thumb Code     0  _printf_l.o(.ARM.Collect$$_printf_percent$$00000012)
    _printf_c                                0x08000219   Thumb Code     0  _printf_c.o(.ARM.Collect$$_printf_percent$$00000013)
    _printf_s                                0x0800021f   Thumb Code     0  _printf_s.o(.ARM.Collect$$_printf_percent$$00000014)
    _printf_lc                               0x08000225   Thumb Code     0  _printf_lc.o(.ARM.Collect$$_printf_percent$$00000015)
    _printf_ls                               0x0800022b   Thumb Code     0  _printf_ls.o(.ARM.Collect$$_printf_percent$$00000016)
    _printf_percent_end                      0x08000231   Thumb Code     0  _printf_percent_end.o(.ARM.Collect$$_printf_percent$$00000017)
    __rt_lib_init                            0x08000235   Thumb Code     0  libinit.o(.ARM.Collect$$libinit$$00000000)
    __rt_lib_init_fp_1                       0x08000237   Thumb Code     0  libinit2.o(.ARM.Collect$$libinit$$00000002)
    __rt_lib_init_heap_1                     0x08000237   Thumb Code     0  libinit2.o(.ARM.Collect$$libinit$$0000000A)
    __rt_lib_init_lc_common                  0x08000237   Thumb Code     0  libinit2.o(.ARM.Collect$$libinit$$0000000F)
    __rt_lib_init_preinit_1                  0x08000237   Thumb Code     0  libinit2.o(.ARM.Collect$$libinit$$00000004)
    __rt_lib_init_rand_1                     0x08000237   Thumb Code     0  libinit2.o(.ARM.Collect$$libinit$$0000000E)
    __rt_lib_init_user_alloc_1               0x08000237   Thumb Code     0  libinit2.o(.ARM.Collect$$libinit$$0000000C)
    __rt_lib_init_lc_collate_1               0x0800023d   Thumb Code     0  libinit2.o(.ARM.Collect$$libinit$$00000011)
    __rt_lib_init_lc_ctype_2                 0x0800023d   Thumb Code     0  libinit2.o(.ARM.Collect$$libinit$$00000012)
    __rt_lib_init_lc_ctype_1                 0x08000249   Thumb Code     0  libinit2.o(.ARM.Collect$$libinit$$00000013)
    __rt_lib_init_lc_monetary_1              0x08000249   Thumb Code     0  libinit2.o(.ARM.Collect$$libinit$$00000015)
    __rt_lib_init_lc_numeric_2               0x08000249   Thumb Code     0  libinit2.o(.ARM.Collect$$libinit$$00000016)
    __rt_lib_init_alloca_1                   0x08000253   Thumb Code     0  libinit2.o(.ARM.Collect$$libinit$$0000002E)
    __rt_lib_init_argv_1                     0x08000253   Thumb Code     0  libinit2.o(.ARM.Collect$$libinit$$0000002C)
    __rt_lib_init_atexit_1                   0x08000253   Thumb Code     0  libinit2.o(.ARM.Collect$$libinit$$0000001B)
    __rt_lib_init_clock_1                    0x08000253   Thumb Code     0  libinit2.o(.ARM.Collect$$libinit$$00000021)
    __rt_lib_init_cpp_1                      0x08000253   Thumb Code     0  libinit2.o(.ARM.Collect$$libinit$$00000032)
    __rt_lib_init_exceptions_1               0x08000253   Thumb Code     0  libinit2.o(.ARM.Collect$$libinit$$00000030)
    __rt_lib_init_fp_trap_1                  0x08000253   Thumb Code     0  libinit2.o(.ARM.Collect$$libinit$$0000001F)
    __rt_lib_init_getenv_1                   0x08000253   Thumb Code     0  libinit2.o(.ARM.Collect$$libinit$$00000023)
    __rt_lib_init_lc_numeric_1               0x08000253   Thumb Code     0  libinit2.o(.ARM.Collect$$libinit$$00000017)
    __rt_lib_init_lc_time_1                  0x08000253   Thumb Code     0  libinit2.o(.ARM.Collect$$libinit$$00000019)
    __rt_lib_init_return                     0x08000253   Thumb Code     0  libinit2.o(.ARM.Collect$$libinit$$00000033)
    __rt_lib_init_signal_1                   0x08000253   Thumb Code     0  libinit2.o(.ARM.Collect$$libinit$$0000001D)
    __rt_lib_init_stdio_1                    0x08000253   Thumb Code     0  libinit2.o(.ARM.Collect$$libinit$$00000025)
    __rt_lib_shutdown                        0x08000255   Thumb Code     0  libshutdown.o(.ARM.Collect$$libshutdown$$00000000)
    __rt_lib_shutdown_cpp_1                  0x08000257   Thumb Code     0  libshutdown2.o(.ARM.Collect$$libshutdown$$00000002)
    __rt_lib_shutdown_fp_trap_1              0x08000257   Thumb Code     0  libshutdown2.o(.ARM.Collect$$libshutdown$$00000007)
    __rt_lib_shutdown_heap_1                 0x08000257   Thumb Code     0  libshutdown2.o(.ARM.Collect$$libshutdown$$0000000F)
    __rt_lib_shutdown_return                 0x08000257   Thumb Code     0  libshutdown2.o(.ARM.Collect$$libshutdown$$00000010)
    __rt_lib_shutdown_signal_1               0x08000257   Thumb Code     0  libshutdown2.o(.ARM.Collect$$libshutdown$$0000000A)
    __rt_lib_shutdown_stdio_1                0x08000257   Thumb Code     0  libshutdown2.o(.ARM.Collect$$libshutdown$$00000004)
    __rt_lib_shutdown_user_alloc_1           0x08000257   Thumb Code     0  libshutdown2.o(.ARM.Collect$$libshutdown$$0000000C)
    __rt_entry                               0x08000259   Thumb Code     0  __rtentry.o(.ARM.Collect$$rtentry$$00000000)
    __rt_entry_presh_1                       0x08000259   Thumb Code     0  __rtentry2.o(.ARM.Collect$$rtentry$$00000002)
    __rt_entry_sh                            0x08000259   Thumb Code     0  __rtentry4.o(.ARM.Collect$$rtentry$$00000004)
    __rt_entry_li                            0x0800025f   Thumb Code     0  __rtentry2.o(.ARM.Collect$$rtentry$$0000000A)
    __rt_entry_postsh_1                      0x0800025f   Thumb Code     0  __rtentry2.o(.ARM.Collect$$rtentry$$00000009)
    __rt_entry_main                          0x08000263   Thumb Code     0  __rtentry2.o(.ARM.Collect$$rtentry$$0000000D)
    __rt_entry_postli_1                      0x08000263   Thumb Code     0  __rtentry2.o(.ARM.Collect$$rtentry$$0000000C)
    __rt_exit                                0x0800026b   Thumb Code     0  rtexit.o(.ARM.Collect$$rtexit$$00000000)
    __rt_exit_ls                             0x0800026d   Thumb Code     0  rtexit2.o(.ARM.Collect$$rtexit$$00000003)
    __rt_exit_prels_1                        0x0800026d   Thumb Code     0  rtexit2.o(.ARM.Collect$$rtexit$$00000002)
    __rt_exit_exit                           0x08000271   Thumb Code     0  rtexit2.o(.ARM.Collect$$rtexit$$00000004)
    SystemInit                               0x08000357   Thumb Code    78  system_stm32f10x.o(.text)
    SystemCoreClockUpdate                    0x080003a5   Thumb Code   142  system_stm32f10x.o(.text)
    NVIC_PriorityGroupConfig                 0x08000459   Thumb Code    10  misc.o(.text)
    NVIC_Init                                0x08000463   Thumb Code   100  misc.o(.text)
    NVIC_SetVectorTable                      0x080004c7   Thumb Code    14  misc.o(.text)
    NVIC_SystemLPConfig                      0x080004d5   Thumb Code    34  misc.o(.text)
    SysTick_CLKSourceConfig                  0x080004f7   Thumb Code    40  misc.o(.text)
    GPIO_DeInit                              0x08000535   Thumb Code   172  stm32f10x_gpio.o(.text)
    GPIO_AFIODeInit                          0x080005e1   Thumb Code    20  stm32f10x_gpio.o(.text)
    GPIO_Init                                0x080005f5   Thumb Code   278  stm32f10x_gpio.o(.text)
    GPIO_StructInit                          0x0800070b   Thumb Code    16  stm32f10x_gpio.o(.text)
    GPIO_ReadInputDataBit                    0x0800071b   Thumb Code    18  stm32f10x_gpio.o(.text)
    GPIO_ReadInputData                       0x0800072d   Thumb Code     8  stm32f10x_gpio.o(.text)
    GPIO_ReadOutputDataBit                   0x08000735   Thumb Code    18  stm32f10x_gpio.o(.text)
    GPIO_ReadOutputData                      0x08000747   Thumb Code     8  stm32f10x_gpio.o(.text)
    GPIO_SetBits                             0x0800074f   Thumb Code     4  stm32f10x_gpio.o(.text)
    GPIO_ResetBits                           0x08000753   Thumb Code     4  stm32f10x_gpio.o(.text)
    GPIO_WriteBit                            0x08000757   Thumb Code    10  stm32f10x_gpio.o(.text)
    GPIO_Write                               0x08000761   Thumb Code     4  stm32f10x_gpio.o(.text)
    GPIO_PinLockConfig                       0x08000765   Thumb Code    18  stm32f10x_gpio.o(.text)
    GPIO_EventOutputConfig                   0x08000777   Thumb Code    26  stm32f10x_gpio.o(.text)
    GPIO_EventOutputCmd                      0x08000791   Thumb Code     6  stm32f10x_gpio.o(.text)
    GPIO_PinRemapConfig                      0x08000797   Thumb Code   138  stm32f10x_gpio.o(.text)
    GPIO_EXTILineConfig                      0x08000821   Thumb Code    66  stm32f10x_gpio.o(.text)
    GPIO_ETH_MediaInterfaceConfig            0x08000863   Thumb Code     8  stm32f10x_gpio.o(.text)
    RCC_DeInit                               0x08000891   Thumb Code    64  stm32f10x_rcc.o(.text)
    RCC_HSEConfig                            0x080008d1   Thumb Code    70  stm32f10x_rcc.o(.text)
    RCC_GetFlagStatus                        0x08000917   Thumb Code    56  stm32f10x_rcc.o(.text)
    RCC_WaitForHSEStartUp                    0x0800094f   Thumb Code    56  stm32f10x_rcc.o(.text)
    RCC_AdjustHSICalibrationValue            0x08000987   Thumb Code    20  stm32f10x_rcc.o(.text)
    RCC_HSICmd                               0x0800099b   Thumb Code     6  stm32f10x_rcc.o(.text)
    RCC_PLLConfig                            0x080009a1   Thumb Code    24  stm32f10x_rcc.o(.text)
    RCC_PLLCmd                               0x080009b9   Thumb Code     6  stm32f10x_rcc.o(.text)
    RCC_SYSCLKConfig                         0x080009bf   Thumb Code    18  stm32f10x_rcc.o(.text)
    RCC_GetSYSCLKSource                      0x080009d1   Thumb Code    10  stm32f10x_rcc.o(.text)
    RCC_HCLKConfig                           0x080009db   Thumb Code    18  stm32f10x_rcc.o(.text)
    RCC_PCLK1Config                          0x080009ed   Thumb Code    18  stm32f10x_rcc.o(.text)
    RCC_PCLK2Config                          0x080009ff   Thumb Code    20  stm32f10x_rcc.o(.text)
    RCC_ITConfig                             0x08000a13   Thumb Code    26  stm32f10x_rcc.o(.text)
    RCC_USBCLKConfig                         0x08000a2d   Thumb Code     8  stm32f10x_rcc.o(.text)
    RCC_ADCCLKConfig                         0x08000a35   Thumb Code    18  stm32f10x_rcc.o(.text)
    RCC_LSEConfig                            0x08000a47   Thumb Code    50  stm32f10x_rcc.o(.text)
    RCC_LSICmd                               0x08000a79   Thumb Code     6  stm32f10x_rcc.o(.text)
    RCC_RTCCLKConfig                         0x08000a7f   Thumb Code    12  stm32f10x_rcc.o(.text)
    RCC_RTCCLKCmd                            0x08000a8b   Thumb Code     8  stm32f10x_rcc.o(.text)
    RCC_GetClocksFreq                        0x08000a93   Thumb Code   192  stm32f10x_rcc.o(.text)
    RCC_AHBPeriphClockCmd                    0x08000b53   Thumb Code    26  stm32f10x_rcc.o(.text)
    RCC_APB2PeriphClockCmd                   0x08000b6d   Thumb Code    26  stm32f10x_rcc.o(.text)
    RCC_APB1PeriphClockCmd                   0x08000b87   Thumb Code    26  stm32f10x_rcc.o(.text)
    RCC_APB2PeriphResetCmd                   0x08000ba1   Thumb Code    26  stm32f10x_rcc.o(.text)
    RCC_APB1PeriphResetCmd                   0x08000bbb   Thumb Code    26  stm32f10x_rcc.o(.text)
    RCC_BackupResetCmd                       0x08000bd5   Thumb Code     8  stm32f10x_rcc.o(.text)
    RCC_ClockSecuritySystemCmd               0x08000bdd   Thumb Code     6  stm32f10x_rcc.o(.text)
    RCC_MCOConfig                            0x08000be3   Thumb Code     6  stm32f10x_rcc.o(.text)
    RCC_ClearFlag                            0x08000be9   Thumb Code    14  stm32f10x_rcc.o(.text)
    RCC_GetITStatus                          0x08000bf7   Thumb Code    20  stm32f10x_rcc.o(.text)
    RCC_ClearITPendingBit                    0x08000c0b   Thumb Code     6  stm32f10x_rcc.o(.text)
    USART_DeInit                             0x08000c35   Thumb Code   134  stm32f10x_usart.o(.text)
    USART_Init                               0x08000cbb   Thumb Code   210  stm32f10x_usart.o(.text)
    USART_StructInit                         0x08000d8d   Thumb Code    24  stm32f10x_usart.o(.text)
    USART_ClockInit                          0x08000da5   Thumb Code    34  stm32f10x_usart.o(.text)
    USART_ClockStructInit                    0x08000dc7   Thumb Code    12  stm32f10x_usart.o(.text)
    USART_Cmd                                0x08000dd3   Thumb Code    24  stm32f10x_usart.o(.text)
    USART_ITConfig                           0x08000deb   Thumb Code    74  stm32f10x_usart.o(.text)
    USART_DMACmd                             0x08000e35   Thumb Code    18  stm32f10x_usart.o(.text)
    USART_SetAddress                         0x08000e47   Thumb Code    18  stm32f10x_usart.o(.text)
    USART_WakeUpConfig                       0x08000e59   Thumb Code    18  stm32f10x_usart.o(.text)
    USART_ReceiverWakeUpCmd                  0x08000e6b   Thumb Code    24  stm32f10x_usart.o(.text)
    USART_LINBreakDetectLengthConfig         0x08000e83   Thumb Code    18  stm32f10x_usart.o(.text)
    USART_LINCmd                             0x08000e95   Thumb Code    24  stm32f10x_usart.o(.text)
    USART_SendData                           0x08000ead   Thumb Code     8  stm32f10x_usart.o(.text)
    USART_ReceiveData                        0x08000eb5   Thumb Code    10  stm32f10x_usart.o(.text)
    USART_SendBreak                          0x08000ebf   Thumb Code    10  stm32f10x_usart.o(.text)
    USART_SetGuardTime                       0x08000ec9   Thumb Code    16  stm32f10x_usart.o(.text)
    USART_SetPrescaler                       0x08000ed9   Thumb Code    16  stm32f10x_usart.o(.text)
    USART_SmartCardCmd                       0x08000ee9   Thumb Code    24  stm32f10x_usart.o(.text)
    USART_SmartCardNACKCmd                   0x08000f01   Thumb Code    24  stm32f10x_usart.o(.text)
    USART_HalfDuplexCmd                      0x08000f19   Thumb Code    24  stm32f10x_usart.o(.text)
    USART_OverSampling8Cmd                   0x08000f31   Thumb Code    22  stm32f10x_usart.o(.text)
    USART_OneBitMethodCmd                    0x08000f47   Thumb Code    24  stm32f10x_usart.o(.text)
    USART_IrDAConfig                         0x08000f5f   Thumb Code    18  stm32f10x_usart.o(.text)
    USART_IrDACmd                            0x08000f71   Thumb Code    24  stm32f10x_usart.o(.text)
    USART_GetFlagStatus                      0x08000f89   Thumb Code    26  stm32f10x_usart.o(.text)
    USART_ClearFlag                          0x08000fa3   Thumb Code    18  stm32f10x_usart.o(.text)
    USART_GetITStatus                        0x08000fb5   Thumb Code    84  stm32f10x_usart.o(.text)
    USART_ClearITPendingBit                  0x08001009   Thumb Code    52  stm32f10x_usart.o(.text)
    Reset_Handler                            0x0800103d   Thumb Code     8  startup_stm32f10x_hd.o(.text)
    ADC1_2_IRQHandler                        0x08001057   Thumb Code     0  startup_stm32f10x_hd.o(.text)
    ADC3_IRQHandler                          0x08001057   Thumb Code     0  startup_stm32f10x_hd.o(.text)
    CAN1_RX1_IRQHandler                      0x08001057   Thumb Code     0  startup_stm32f10x_hd.o(.text)
    CAN1_SCE_IRQHandler                      0x08001057   Thumb Code     0  startup_stm32f10x_hd.o(.text)
    DMA1_Channel1_IRQHandler                 0x08001057   Thumb Code     0  startup_stm32f10x_hd.o(.text)
    DMA1_Channel2_IRQHandler                 0x08001057   Thumb Code     0  startup_stm32f10x_hd.o(.text)
    DMA1_Channel3_IRQHandler                 0x08001057   Thumb Code     0  startup_stm32f10x_hd.o(.text)
    DMA1_Channel4_IRQHandler                 0x08001057   Thumb Code     0  startup_stm32f10x_hd.o(.text)
    DMA1_Channel5_IRQHandler                 0x08001057   Thumb Code     0  startup_stm32f10x_hd.o(.text)
    DMA1_Channel6_IRQHandler                 0x08001057   Thumb Code     0  startup_stm32f10x_hd.o(.text)
    DMA1_Channel7_IRQHandler                 0x08001057   Thumb Code     0  startup_stm32f10x_hd.o(.text)
    DMA2_Channel1_IRQHandler                 0x08001057   Thumb Code     0  startup_stm32f10x_hd.o(.text)
    DMA2_Channel2_IRQHandler                 0x08001057   Thumb Code     0  startup_stm32f10x_hd.o(.text)
    DMA2_Channel3_IRQHandler                 0x08001057   Thumb Code     0  startup_stm32f10x_hd.o(.text)
    DMA2_Channel4_5_IRQHandler               0x08001057   Thumb Code     0  startup_stm32f10x_hd.o(.text)
    EXTI0_IRQHandler                         0x08001057   Thumb Code     0  startup_stm32f10x_hd.o(.text)
    EXTI15_10_IRQHandler                     0x08001057   Thumb Code     0  startup_stm32f10x_hd.o(.text)
    EXTI1_IRQHandler                         0x08001057   Thumb Code     0  startup_stm32f10x_hd.o(.text)
    EXTI2_IRQHandler                         0x08001057   Thumb Code     0  startup_stm32f10x_hd.o(.text)
    EXTI3_IRQHandler                         0x08001057   Thumb Code     0  startup_stm32f10x_hd.o(.text)
    EXTI4_IRQHandler                         0x08001057   Thumb Code     0  startup_stm32f10x_hd.o(.text)
    EXTI9_5_IRQHandler                       0x08001057   Thumb Code     0  startup_stm32f10x_hd.o(.text)
    FLASH_IRQHandler                         0x08001057   Thumb Code     0  startup_stm32f10x_hd.o(.text)
    FSMC_IRQHandler                          0x08001057   Thumb Code     0  startup_stm32f10x_hd.o(.text)
    I2C1_ER_IRQHandler                       0x08001057   Thumb Code     0  startup_stm32f10x_hd.o(.text)
    I2C1_EV_IRQHandler                       0x08001057   Thumb Code     0  startup_stm32f10x_hd.o(.text)
    I2C2_ER_IRQHandler                       0x08001057   Thumb Code     0  startup_stm32f10x_hd.o(.text)
    I2C2_EV_IRQHandler                       0x08001057   Thumb Code     0  startup_stm32f10x_hd.o(.text)
    PVD_IRQHandler                           0x08001057   Thumb Code     0  startup_stm32f10x_hd.o(.text)
    RCC_IRQHandler                           0x08001057   Thumb Code     0  startup_stm32f10x_hd.o(.text)
    RTCAlarm_IRQHandler                      0x08001057   Thumb Code     0  startup_stm32f10x_hd.o(.text)
    RTC_IRQHandler                           0x08001057   Thumb Code     0  startup_stm32f10x_hd.o(.text)
    SDIO_IRQHandler                          0x08001057   Thumb Code     0  startup_stm32f10x_hd.o(.text)
    SPI1_IRQHandler                          0x08001057   Thumb Code     0  startup_stm32f10x_hd.o(.text)
    SPI2_IRQHandler                          0x08001057   Thumb Code     0  startup_stm32f10x_hd.o(.text)
    SPI3_IRQHandler                          0x08001057   Thumb Code     0  startup_stm32f10x_hd.o(.text)
    TAMPER_IRQHandler                        0x08001057   Thumb Code     0  startup_stm32f10x_hd.o(.text)
    TIM1_BRK_IRQHandler                      0x08001057   Thumb Code     0  startup_stm32f10x_hd.o(.text)
    TIM1_CC_IRQHandler                       0x08001057   Thumb Code     0  startup_stm32f10x_hd.o(.text)
    TIM1_TRG_COM_IRQHandler                  0x08001057   Thumb Code     0  startup_stm32f10x_hd.o(.text)
    TIM1_UP_IRQHandler                       0x08001057   Thumb Code     0  startup_stm32f10x_hd.o(.text)
    TIM2_IRQHandler                          0x08001057   Thumb Code     0  startup_stm32f10x_hd.o(.text)
    TIM3_IRQHandler                          0x08001057   Thumb Code     0  startup_stm32f10x_hd.o(.text)
    TIM4_IRQHandler                          0x08001057   Thumb Code     0  startup_stm32f10x_hd.o(.text)
    TIM5_IRQHandler                          0x08001057   Thumb Code     0  startup_stm32f10x_hd.o(.text)
    TIM6_IRQHandler                          0x08001057   Thumb Code     0  startup_stm32f10x_hd.o(.text)
    TIM7_IRQHandler                          0x08001057   Thumb Code     0  startup_stm32f10x_hd.o(.text)
    TIM8_BRK_IRQHandler                      0x08001057   Thumb Code     0  startup_stm32f10x_hd.o(.text)
    TIM8_CC_IRQHandler                       0x08001057   Thumb Code     0  startup_stm32f10x_hd.o(.text)
    TIM8_TRG_COM_IRQHandler                  0x08001057   Thumb Code     0  startup_stm32f10x_hd.o(.text)
    TIM8_UP_IRQHandler                       0x08001057   Thumb Code     0  startup_stm32f10x_hd.o(.text)
    UART4_IRQHandler                         0x08001057   Thumb Code     0  startup_stm32f10x_hd.o(.text)
    UART5_IRQHandler                         0x08001057   Thumb Code     0  startup_stm32f10x_hd.o(.text)
    USBWakeUp_IRQHandler                     0x08001057   Thumb Code     0  startup_stm32f10x_hd.o(.text)
    USB_HP_CAN1_TX_IRQHandler                0x08001057   Thumb Code     0  startup_stm32f10x_hd.o(.text)
    USB_LP_CAN1_RX0_IRQHandler               0x08001057   Thumb Code     0  startup_stm32f10x_hd.o(.text)
    WWDG_IRQHandler                          0x08001057   Thumb Code     0  startup_stm32f10x_hd.o(.text)
    __user_initial_stackheap                 0x08001059   Thumb Code     0  startup_stm32f10x_hd.o(.text)
    rx_lora_prime                            0x0800107d   Thumb Code   174  main.o(.text)
    main                                     0x0800112b   Thumb Code    68  main.o(.text)
    NMI_Handler                              0x080011c5   Thumb Code     2  stm32f10x_it.o(.text)
    HardFault_Handler                        0x080011c7   Thumb Code     4  stm32f10x_it.o(.text)
    MemManage_Handler                        0x080011cb   Thumb Code     4  stm32f10x_it.o(.text)
    BusFault_Handler                         0x080011cf   Thumb Code     4  stm32f10x_it.o(.text)
    UsageFault_Handler                       0x080011d3   Thumb Code     4  stm32f10x_it.o(.text)
    SVC_Handler                              0x080011d7   Thumb Code     2  stm32f10x_it.o(.text)
    DebugMon_Handler                         0x080011d9   Thumb Code     2  stm32f10x_it.o(.text)
    PendSV_Handler                           0x080011db   Thumb Code     2  stm32f10x_it.o(.text)
    SysTick_Handler                          0x080011dd   Thumb Code     2  stm32f10x_it.o(.text)
    USART3_Init                              0x080011e1   Thumb Code   158  esp8266_drive.o(.text)
    USART3_IRQHandler                        0x0800127f   Thumb Code   134  esp8266_drive.o(.text)
    USART2_Init                              0x08001305   Thumb Code   154  esp8266_drive.o(.text)
    USART2_IRQHandler                        0x0800139f   Thumb Code   134  esp8266_drive.o(.text)
    ESP8266_Init                             0x08001425   Thumb Code    78  esp8266_drive.o(.text)
    ESP8266_Send_AT_Cmd                      0x08001473   Thumb Code   164  esp8266_drive.o(.text)
    ESP8266_Rst                              0x08001517   Thumb Code    28  esp8266_drive.o(.text)
    ESP8266_AT_Test                          0x08001533   Thumb Code    56  esp8266_drive.o(.text)
    ESP8266_Net_Mode_Choose                  0x0800156b   Thumb Code    68  esp8266_drive.o(.text)
    ESP8266_JoinAP                           0x080015af   Thumb Code    38  esp8266_drive.o(.text)
    ESP8266_Enable_MultipleId                0x080015d5   Thumb Code   192  esp8266_drive.o(.text)
    ESP8266_Link_Server                      0x08001695   Thumb Code   112  esp8266_drive.o(.text)
    ESP8266_UnvarnishSend                    0x08001705   Thumb Code    42  esp8266_drive.o(.text)
    ESP8266_SendString                       0x0800172f   Thumb Code   102  esp8266_drive.o(.text)
    ESP8266_ExitUnvarnishSend                0x08001795   Thumb Code    28  esp8266_drive.o(.text)
    ESP8266_Get_LinkStatus                   0x080017b1   Thumb Code    66  esp8266_drive.o(.text)
    USART_printf                             0x08001933   Thumb Code   262  esp8266_public.o(.text)
    ESP8266_STA_TCPClient_Send_location_To_OneNet 0x08001a39   Thumb Code   302  sta_tcpclent_test.o(.text)
    ESP8266_STA_TCPClient_Send_presure_To_OneNet 0x08001b67   Thumb Code   180  sta_tcpclent_test.o(.text)
    ESP8266_STA_TCPClient_Send_distance_To_OneNet 0x08001c1b   Thumb Code   180  sta_tcpclent_test.o(.text)
    ESP8266_STA_TCPClient_Send_Data_To_OneNet 0x08001ccf   Thumb Code   128  sta_tcpclent_test.o(.text)
    ESP8266_STA_TCPClient_Init               0x08001d4f   Thumb Code   100  sta_tcpclent_test.o(.text)
    Systick_Init                             0x08001fa1   Thumb Code    52  systick.o(.text)
    delay_us                                 0x08001fd5   Thumb Code    72  systick.o(.text)
    delay_ms                                 0x0800201d   Thumb Code    72  systick.o(.text)
    _sys_exit                                0x0800206d   Thumb Code     6  usart.o(.text)
    fputc                                    0x08002073   Thumb Code    32  usart.o(.text)
    USART1_Init                              0x08002093   Thumb Code   152  usart.o(.text)
    USART1_IRQHandler                        0x0800212b   Thumb Code    66  usart.o(.text)
    drv_uart_init                            0x0800217d   Thumb Code   130  drv_uart.o(.text)
    drv_uart_tx_bytes                        0x080021ff   Thumb Code    44  drv_uart.o(.text)
    drv_uart_rx_bytes                        0x0800222b   Thumb Code    64  drv_uart.o(.text)
    __c89printf                              0x08002275   Thumb Code    20  c89printf.o(.text)
    __2printf                                0x0800228d   Thumb Code    20  __2printf.o(.text)
    __2sprintf                               0x080022a5   Thumb Code    38  __2sprintf.o(.text)
    _printf_str                              0x080022d1   Thumb Code    82  _printf_str.o(.text)
    _printf_int_dec                          0x08002325   Thumb Code   104  _printf_dec.o(.text)
    __printf                                 0x0800239d   Thumb Code   388  __printf_flags_ss_wp.o(.text)
    strstr                                   0x08002525   Thumb Code    36  strstr.o(.text)
    strcpy                                   0x08002549   Thumb Code    72  strcpy.o(.text)
    strlen                                   0x08002591   Thumb Code    62  strlen.o(.text)
    strcat                                   0x080025cf   Thumb Code    24  strcat.o(.text)
    __aeabi_memclr4                          0x080025e7   Thumb Code     0  rt_memclr_w.o(.text)
    __aeabi_memclr8                          0x080025e7   Thumb Code     0  rt_memclr_w.o(.text)
    __rt_memclr_w                            0x080025e7   Thumb Code    78  rt_memclr_w.o(.text)
    _memset_w                                0x080025eb   Thumb Code     0  rt_memclr_w.o(.text)
    __use_two_region_memory                  0x08002635   Thumb Code     2  heapauxi.o(.text)
    __rt_heap_escrow$2region                 0x08002637   Thumb Code     2  heapauxi.o(.text)
    __rt_heap_expand$2region                 0x08002639   Thumb Code     2  heapauxi.o(.text)
    _printf_pre_padding                      0x0800263b   Thumb Code    44  _printf_pad.o(.text)
    _printf_post_padding                     0x08002667   Thumb Code    34  _printf_pad.o(.text)
    _printf_truncate_signed                  0x08002689   Thumb Code    18  _printf_truncate.o(.text)
    _printf_truncate_unsigned                0x0800269b   Thumb Code    18  _printf_truncate.o(.text)
    _printf_int_common                       0x080026ad   Thumb Code   178  _printf_intcommon.o(.text)
    _printf_charcount                        0x0800275f   Thumb Code    40  _printf_charcount.o(.text)
    _printf_char_common                      0x08002793   Thumb Code    32  _printf_char_common.o(.text)
    _sputc                                   0x080027b9   Thumb Code    10  _sputc.o(.text)
    _printf_cs_common                        0x080027c3   Thumb Code    20  _printf_char.o(.text)
    _printf_char                             0x080027d7   Thumb Code    16  _printf_char.o(.text)
    _printf_string                           0x080027e7   Thumb Code     8  _printf_char.o(.text)
    _printf_char_file                        0x080027f1   Thumb Code    32  _printf_char_file.o(.text)
    _printf_wctomb                           0x08002815   Thumb Code   182  _printf_wctomb.o(.text)
    _printf_longlong_dec                     0x080028d1   Thumb Code   108  _printf_longlong_dec.o(.text)
    _printf_longlong_oct                     0x0800294d   Thumb Code    68  _printf_oct_int_ll.o(.text)
    _printf_int_oct                          0x08002991   Thumb Code    24  _printf_oct_int_ll.o(.text)
    _printf_ll_oct                           0x080029a9   Thumb Code    12  _printf_oct_int_ll.o(.text)
    _printf_longlong_hex                     0x080029bd   Thumb Code    86  _printf_hex_int_ll_ptr.o(.text)
    _printf_int_hex                          0x08002a13   Thumb Code    28  _printf_hex_int_ll_ptr.o(.text)
    _printf_ll_hex                           0x08002a2f   Thumb Code    12  _printf_hex_int_ll_ptr.o(.text)
    _printf_hex_ptr                          0x08002a3b   Thumb Code    18  _printf_hex_int_ll_ptr.o(.text)
    _ll_udiv10                               0x08002a51   Thumb Code   138  lludiv10.o(.text)
    __lib_sel_fp_printf                      0x08002adb   Thumb Code     2  _printf_fp_dec.o(.text)
    _printf_fp_dec_real                      0x08002c89   Thumb Code   620  _printf_fp_dec.o(.text)
    _printf_lcs_common                       0x08002ef5   Thumb Code    20  _printf_wchar.o(.text)
    _printf_wchar                            0x08002f09   Thumb Code    16  _printf_wchar.o(.text)
    _printf_wstring                          0x08002f19   Thumb Code     8  _printf_wchar.o(.text)
    ferror                                   0x08002f21   Thumb Code     8  ferror.o(.text)
    _wcrtomb                                 0x08002f29   Thumb Code    64  _wcrtomb.o(.text)
    __user_setup_stackheap                   0x08002f69   Thumb Code    74  sys_stackheap_outer.o(.text)
    __rt_ctype_table                         0x08002fb5   Thumb Code    16  rt_ctype_table.o(.text)
    __rt_locale                              0x08002fc5   Thumb Code     8  rt_locale_intlibspace.o(.text)
    _printf_fp_infnan                        0x08002fcd   Thumb Code   112  _printf_fp_infnan.o(.text)
    _btod_etento                             0x0800304d   Thumb Code   216  bigflt0.o(.text)
    exit                                     0x08003129   Thumb Code    18  exit.o(.text)
    __user_libspace                          0x0800313d   Thumb Code     8  libspace.o(.text)
    __user_perproc_libspace                  0x0800313d   Thumb Code     0  libspace.o(.text)
    __user_perthread_libspace                0x0800313d   Thumb Code     0  libspace.o(.text)
    strcmp                                   0x08003145   Thumb Code   128  strcmpv7m.o(.text)
    _btod_d2e                                0x080031c5   Thumb Code    62  btod.o(CL$$btod_d2e)
    _d2e_denorm_low                          0x08003203   Thumb Code    70  btod.o(CL$$btod_d2e_denorm_low)
    _d2e_norm_op1                            0x08003249   Thumb Code    96  btod.o(CL$$btod_d2e_norm_op1)
    __btod_div_common                        0x080032a9   Thumb Code   696  btod.o(CL$$btod_div_common)
    _e2e                                     0x080035e1   Thumb Code   198  btod.o(CL$$btod_e2e)
    _btod_ediv                               0x080036a7   Thumb Code    40  btod.o(CL$$btod_ediv)
    _btod_emul                               0x080036cf   Thumb Code    40  btod.o(CL$$btod_emul)
    __btod_mult_common                       0x080036f7   Thumb Code   580  btod.o(CL$$btod_mult_common)
    __ARM_fpclassify                         0x0800393b   Thumb Code    40  fpclassify.o(i.__ARM_fpclassify)
    _is_digit                                0x08003963   Thumb Code    14  __printf_wp.o(i._is_digit)
    _get_lc_numeric                          0x08003971   Thumb Code    44  lc_numeric_c.o(locale$$code)
    _get_lc_ctype                            0x0800399d   Thumb Code    44  lc_ctype_c.o(locale$$code)
    _printf_fp_dec                           0x080039c9   Thumb Code     4  printf1.o(x$fpl$printf1)
    __I$use$fp                               0x080039cc   Number         0  usenofp.o(x$fpl$usenofp)
    Region$$Table$$Base                      0x08003be4   Number         0  anon$$obj.o(Region$$Table)
    Region$$Table$$Limit                     0x08003c04   Number         0  anon$$obj.o(Region$$Table)
    __ctype                                  0x08003c2d   Data           0  lc_ctype_c.o(locale$$data)
    SystemCoreClock                          0x20000000   Data           4  system_stm32f10x.o(.data)
    AHBPrescTable                            0x20000004   Data          16  system_stm32f10x.o(.data)
    jiaoyan                                  0x20000028   Data           8  main.o(.data)
    distance_jiaoyan                         0x20000030   Data           9  main.o(.data)
    location_jiaoyan                         0x20000039   Data          10  main.o(.data)
    presure_jiaoyan                          0x20000043   Data           8  main.o(.data)
    TcpClosedFlag                            0x2000004b   Data           1  sta_tcpclent_test.o(.data)
    __stdout                                 0x20000050   Data           4  usart.o(.data)
    USART_RX_STA                             0x20000054   Data           2  usart.o(.data)
    rx_str                                   0x20000058   Data          80  main.o(.bss)
    ESP8266_Fram_Record_Struct               0x200000a8   Data        1026  esp8266_drive.o(.bss)
    USART_RX_BUF                             0x200004aa   Data         200  usart.o(.bss)
    __libspace_start                         0x20000574   Data          96  libspace.o(.bss)
    __temporary_stack_top$libspace           0x200005d4   Data           0  libspace.o(.bss)



==============================================================================

Memory Map of the image

  Image Entry point : 0x08000131

  Load Region LR_IROM1 (Base: 0x08000000, Size: 0x00003d88, Max: 0x00080000, ABSOLUTE)

    Execution Region ER_IROM1 (Base: 0x08000000, Size: 0x00003d30, Max: 0x00080000, ABSOLUTE)

    Base Addr    Size         Type   Attr      Idx    E Section Name        Object

    0x08000000   0x00000130   Data   RO          168    RESET               startup_stm32f10x_hd.o
    0x08000130   0x00000008   Code   RO          602  * !!!main             c_w.l(__main.o)
    0x08000138   0x00000034   Code   RO          889    !!!scatter          c_w.l(__scatter.o)
    0x0800016c   0x0000001a   Code   RO          891    !!handler_copy      c_w.l(__scatter_copy.o)
    0x08000186   0x00000002   PAD
    0x08000188   0x0000001c   Code   RO          893    !!handler_zi        c_w.l(__scatter_zi.o)
    0x080001a4   0x00000000   Code   RO          589    .ARM.Collect$$_printf_percent$$00000000  c_w.l(_printf_percent.o)
    0x080001a4   0x00000006   Code   RO          654    .ARM.Collect$$_printf_percent$$00000001  c_w.l(_printf_n.o)
    0x080001aa   0x00000006   Code   RO          656    .ARM.Collect$$_printf_percent$$00000002  c_w.l(_printf_p.o)
    0x080001b0   0x00000006   Code   RO          660    .ARM.Collect$$_printf_percent$$00000003  c_w.l(_printf_f.o)
    0x080001b6   0x00000006   Code   RO          661    .ARM.Collect$$_printf_percent$$00000004  c_w.l(_printf_e.o)
    0x080001bc   0x00000006   Code   RO          662    .ARM.Collect$$_printf_percent$$00000005  c_w.l(_printf_g.o)
    0x080001c2   0x00000006   Code   RO          663    .ARM.Collect$$_printf_percent$$00000006  c_w.l(_printf_a.o)
    0x080001c8   0x0000000a   Code   RO          668    .ARM.Collect$$_printf_percent$$00000007  c_w.l(_printf_ll.o)
    0x080001d2   0x00000006   Code   RO          658    .ARM.Collect$$_printf_percent$$00000008  c_w.l(_printf_i.o)
    0x080001d8   0x00000006   Code   RO          588    .ARM.Collect$$_printf_percent$$00000009  c_w.l(_printf_d.o)
    0x080001de   0x00000006   Code   RO          659    .ARM.Collect$$_printf_percent$$0000000A  c_w.l(_printf_u.o)
    0x080001e4   0x00000006   Code   RO          657    .ARM.Collect$$_printf_percent$$0000000B  c_w.l(_printf_o.o)
    0x080001ea   0x00000006   Code   RO          655    .ARM.Collect$$_printf_percent$$0000000C  c_w.l(_printf_x.o)
    0x080001f0   0x00000006   Code   RO          665    .ARM.Collect$$_printf_percent$$0000000D  c_w.l(_printf_lli.o)
    0x080001f6   0x00000006   Code   RO          666    .ARM.Collect$$_printf_percent$$0000000E  c_w.l(_printf_lld.o)
    0x080001fc   0x00000006   Code   RO          667    .ARM.Collect$$_printf_percent$$0000000F  c_w.l(_printf_llu.o)
    0x08000202   0x00000006   Code   RO          672    .ARM.Collect$$_printf_percent$$00000010  c_w.l(_printf_llo.o)
    0x08000208   0x00000006   Code   RO          673    .ARM.Collect$$_printf_percent$$00000011  c_w.l(_printf_llx.o)
    0x0800020e   0x0000000a   Code   RO          669    .ARM.Collect$$_printf_percent$$00000012  c_w.l(_printf_l.o)
    0x08000218   0x00000006   Code   RO          653    .ARM.Collect$$_printf_percent$$00000013  c_w.l(_printf_c.o)
    0x0800021e   0x00000006   Code   RO          587    .ARM.Collect$$_printf_percent$$00000014  c_w.l(_printf_s.o)
    0x08000224   0x00000006   Code   RO          670    .ARM.Collect$$_printf_percent$$00000015  c_w.l(_printf_lc.o)
    0x0800022a   0x00000006   Code   RO          671    .ARM.Collect$$_printf_percent$$00000016  c_w.l(_printf_ls.o)
    0x08000230   0x00000004   Code   RO          664    .ARM.Collect$$_printf_percent$$00000017  c_w.l(_printf_percent_end.o)
    0x08000234   0x00000002   Code   RO          751    .ARM.Collect$$libinit$$00000000  c_w.l(libinit.o)
    0x08000236   0x00000000   Code   RO          768    .ARM.Collect$$libinit$$00000002  c_w.l(libinit2.o)
    0x08000236   0x00000000   Code   RO          770    .ARM.Collect$$libinit$$00000004  c_w.l(libinit2.o)
    0x08000236   0x00000000   Code   RO          773    .ARM.Collect$$libinit$$0000000A  c_w.l(libinit2.o)
    0x08000236   0x00000000   Code   RO          775    .ARM.Collect$$libinit$$0000000C  c_w.l(libinit2.o)
    0x08000236   0x00000000   Code   RO          777    .ARM.Collect$$libinit$$0000000E  c_w.l(libinit2.o)
    0x08000236   0x00000006   Code   RO          778    .ARM.Collect$$libinit$$0000000F  c_w.l(libinit2.o)
    0x0800023c   0x00000000   Code   RO          780    .ARM.Collect$$libinit$$00000011  c_w.l(libinit2.o)
    0x0800023c   0x0000000c   Code   RO          781    .ARM.Collect$$libinit$$00000012  c_w.l(libinit2.o)
    0x08000248   0x00000000   Code   RO          782    .ARM.Collect$$libinit$$00000013  c_w.l(libinit2.o)
    0x08000248   0x00000000   Code   RO          784    .ARM.Collect$$libinit$$00000015  c_w.l(libinit2.o)
    0x08000248   0x0000000a   Code   RO          785    .ARM.Collect$$libinit$$00000016  c_w.l(libinit2.o)
    0x08000252   0x00000000   Code   RO          786    .ARM.Collect$$libinit$$00000017  c_w.l(libinit2.o)
    0x08000252   0x00000000   Code   RO          788    .ARM.Collect$$libinit$$00000019  c_w.l(libinit2.o)
    0x08000252   0x00000000   Code   RO          790    .ARM.Collect$$libinit$$0000001B  c_w.l(libinit2.o)
    0x08000252   0x00000000   Code   RO          792    .ARM.Collect$$libinit$$0000001D  c_w.l(libinit2.o)
    0x08000252   0x00000000   Code   RO          794    .ARM.Collect$$libinit$$0000001F  c_w.l(libinit2.o)
    0x08000252   0x00000000   Code   RO          796    .ARM.Collect$$libinit$$00000021  c_w.l(libinit2.o)
    0x08000252   0x00000000   Code   RO          798    .ARM.Collect$$libinit$$00000023  c_w.l(libinit2.o)
    0x08000252   0x00000000   Code   RO          800    .ARM.Collect$$libinit$$00000025  c_w.l(libinit2.o)
    0x08000252   0x00000000   Code   RO          804    .ARM.Collect$$libinit$$0000002C  c_w.l(libinit2.o)
    0x08000252   0x00000000   Code   RO          806    .ARM.Collect$$libinit$$0000002E  c_w.l(libinit2.o)
    0x08000252   0x00000000   Code   RO          808    .ARM.Collect$$libinit$$00000030  c_w.l(libinit2.o)
    0x08000252   0x00000000   Code   RO          810    .ARM.Collect$$libinit$$00000032  c_w.l(libinit2.o)
    0x08000252   0x00000002   Code   RO          811    .ARM.Collect$$libinit$$00000033  c_w.l(libinit2.o)
    0x08000254   0x00000002   Code   RO          829    .ARM.Collect$$libshutdown$$00000000  c_w.l(libshutdown.o)
    0x08000256   0x00000000   Code   RO          839    .ARM.Collect$$libshutdown$$00000002  c_w.l(libshutdown2.o)
    0x08000256   0x00000000   Code   RO          841    .ARM.Collect$$libshutdown$$00000004  c_w.l(libshutdown2.o)
    0x08000256   0x00000000   Code   RO          844    .ARM.Collect$$libshutdown$$00000007  c_w.l(libshutdown2.o)
    0x08000256   0x00000000   Code   RO          847    .ARM.Collect$$libshutdown$$0000000A  c_w.l(libshutdown2.o)
    0x08000256   0x00000000   Code   RO          849    .ARM.Collect$$libshutdown$$0000000C  c_w.l(libshutdown2.o)
    0x08000256   0x00000000   Code   RO          852    .ARM.Collect$$libshutdown$$0000000F  c_w.l(libshutdown2.o)
    0x08000256   0x00000002   Code   RO          853    .ARM.Collect$$libshutdown$$00000010  c_w.l(libshutdown2.o)
    0x08000258   0x00000000   Code   RO          604    .ARM.Collect$$rtentry$$00000000  c_w.l(__rtentry.o)
    0x08000258   0x00000000   Code   RO          677    .ARM.Collect$$rtentry$$00000002  c_w.l(__rtentry2.o)
    0x08000258   0x00000006   Code   RO          689    .ARM.Collect$$rtentry$$00000004  c_w.l(__rtentry4.o)
    0x0800025e   0x00000000   Code   RO          679    .ARM.Collect$$rtentry$$00000009  c_w.l(__rtentry2.o)
    0x0800025e   0x00000004   Code   RO          680    .ARM.Collect$$rtentry$$0000000A  c_w.l(__rtentry2.o)
    0x08000262   0x00000000   Code   RO          682    .ARM.Collect$$rtentry$$0000000C  c_w.l(__rtentry2.o)
    0x08000262   0x00000008   Code   RO          683    .ARM.Collect$$rtentry$$0000000D  c_w.l(__rtentry2.o)
    0x0800026a   0x00000002   Code   RO          760    .ARM.Collect$$rtexit$$00000000  c_w.l(rtexit.o)
    0x0800026c   0x00000000   Code   RO          813    .ARM.Collect$$rtexit$$00000002  c_w.l(rtexit2.o)
    0x0800026c   0x00000004   Code   RO          814    .ARM.Collect$$rtexit$$00000003  c_w.l(rtexit2.o)
    0x08000270   0x00000006   Code   RO          815    .ARM.Collect$$rtexit$$00000004  c_w.l(rtexit2.o)
    0x08000276   0x00000002   PAD
    0x08000278   0x000001e0   Code   RO            1    .text               system_stm32f10x.o
    0x08000458   0x000000dc   Code   RO           60    .text               misc.o
    0x08000534   0x0000035c   Code   RO           86    .text               stm32f10x_gpio.o
    0x08000890   0x000003a4   Code   RO           98    .text               stm32f10x_rcc.o
    0x08000c34   0x00000408   Code   RO          136    .text               stm32f10x_usart.o
    0x0800103c   0x00000040   Code   RO          169    .text               startup_stm32f10x_hd.o
    0x0800107c   0x00000148   Code   RO          248    .text               main.o
    0x080011c4   0x0000001a   Code   RO          360    .text               stm32f10x_it.o
    0x080011de   0x00000002   PAD
    0x080011e0   0x000006f0   Code   RO          390    .text               esp8266_drive.o
    0x080018d0   0x00000168   Code   RO          414    .text               esp8266_public.o
    0x08001a38   0x00000568   Code   RO          435    .text               sta_tcpclent_test.o
    0x08001fa0   0x000000cc   Code   RO          464    .text               systick.o
    0x0800206c   0x00000110   Code   RO          481    .text               usart.o
    0x0800217c   0x000000f8   Code   RO          534    .text               drv_uart.o
    0x08002274   0x00000018   Code   RO          551    .text               c_w.l(c89printf.o)
    0x0800228c   0x00000018   Code   RO          553    .text               c_w.l(__2printf.o)
    0x080022a4   0x0000002c   Code   RO          555    .text               c_w.l(__2sprintf.o)
    0x080022d0   0x00000052   Code   RO          563    .text               c_w.l(_printf_str.o)
    0x08002322   0x00000002   PAD
    0x08002324   0x00000078   Code   RO          565    .text               c_w.l(_printf_dec.o)
    0x0800239c   0x00000188   Code   RO          584    .text               c_w.l(__printf_flags_ss_wp.o)
    0x08002524   0x00000024   Code   RO          590    .text               c_w.l(strstr.o)
    0x08002548   0x00000048   Code   RO          592    .text               c_w.l(strcpy.o)
    0x08002590   0x0000003e   Code   RO          594    .text               c_w.l(strlen.o)
    0x080025ce   0x00000018   Code   RO          596    .text               c_w.l(strcat.o)
    0x080025e6   0x0000004e   Code   RO          598    .text               c_w.l(rt_memclr_w.o)
    0x08002634   0x00000006   Code   RO          600    .text               c_w.l(heapauxi.o)
    0x0800263a   0x0000004e   Code   RO          605    .text               c_w.l(_printf_pad.o)
    0x08002688   0x00000024   Code   RO          607    .text               c_w.l(_printf_truncate.o)
    0x080026ac   0x000000b2   Code   RO          609    .text               c_w.l(_printf_intcommon.o)
    0x0800275e   0x00000028   Code   RO          611    .text               c_w.l(_printf_charcount.o)
    0x08002786   0x00000002   PAD
    0x08002788   0x00000030   Code   RO          613    .text               c_w.l(_printf_char_common.o)
    0x080027b8   0x0000000a   Code   RO          615    .text               c_w.l(_sputc.o)
    0x080027c2   0x0000002c   Code   RO          617    .text               c_w.l(_printf_char.o)
    0x080027ee   0x00000002   PAD
    0x080027f0   0x00000024   Code   RO          619    .text               c_w.l(_printf_char_file.o)
    0x08002814   0x000000bc   Code   RO          621    .text               c_w.l(_printf_wctomb.o)
    0x080028d0   0x0000007c   Code   RO          624    .text               c_w.l(_printf_longlong_dec.o)
    0x0800294c   0x00000070   Code   RO          630    .text               c_w.l(_printf_oct_int_ll.o)
    0x080029bc   0x00000094   Code   RO          650    .text               c_w.l(_printf_hex_int_ll_ptr.o)
    0x08002a50   0x0000008a   Code   RO          691    .text               c_w.l(lludiv10.o)
    0x08002ada   0x0000041a   Code   RO          693    .text               c_w.l(_printf_fp_dec.o)
    0x08002ef4   0x0000002c   Code   RO          697    .text               c_w.l(_printf_wchar.o)
    0x08002f20   0x00000008   Code   RO          699    .text               c_w.l(ferror.o)
    0x08002f28   0x00000040   Code   RO          703    .text               c_w.l(_wcrtomb.o)
    0x08002f68   0x0000004a   Code   RO          705    .text               c_w.l(sys_stackheap_outer.o)
    0x08002fb2   0x00000002   PAD
    0x08002fb4   0x00000010   Code   RO          707    .text               c_w.l(rt_ctype_table.o)
    0x08002fc4   0x00000008   Code   RO          712    .text               c_w.l(rt_locale_intlibspace.o)
    0x08002fcc   0x00000080   Code   RO          714    .text               c_w.l(_printf_fp_infnan.o)
    0x0800304c   0x000000dc   Code   RO          716    .text               c_w.l(bigflt0.o)
    0x08003128   0x00000012   Code   RO          744    .text               c_w.l(exit.o)
    0x0800313a   0x00000002   PAD
    0x0800313c   0x00000008   Code   RO          757    .text               c_w.l(libspace.o)
    0x08003144   0x00000080   Code   RO          765    .text               c_w.l(strcmpv7m.o)
    0x080031c4   0x0000003e   Code   RO          719    CL$$btod_d2e        c_w.l(btod.o)
    0x08003202   0x00000046   Code   RO          721    CL$$btod_d2e_denorm_low  c_w.l(btod.o)
    0x08003248   0x00000060   Code   RO          720    CL$$btod_d2e_norm_op1  c_w.l(btod.o)
    0x080032a8   0x00000338   Code   RO          729    CL$$btod_div_common  c_w.l(btod.o)
    0x080035e0   0x000000c6   Code   RO          726    CL$$btod_e2e        c_w.l(btod.o)
    0x080036a6   0x00000028   Code   RO          723    CL$$btod_ediv       c_w.l(btod.o)
    0x080036ce   0x00000028   Code   RO          722    CL$$btod_emul       c_w.l(btod.o)
    0x080036f6   0x00000244   Code   RO          728    CL$$btod_mult_common  c_w.l(btod.o)
    0x0800393a   0x00000028   Code   RO          755    i.__ARM_fpclassify  m_ws.l(fpclassify.o)
    0x08003962   0x0000000e   Code   RO          577    i._is_digit         c_w.l(__printf_wp.o)
    0x08003970   0x0000002c   Code   RO          742    locale$$code        c_w.l(lc_numeric_c.o)
    0x0800399c   0x0000002c   Code   RO          763    locale$$code        c_w.l(lc_ctype_c.o)
    0x080039c8   0x00000004   Code   RO          674    x$fpl$printf1       fz_ws.l(printf1.o)
    0x080039cc   0x00000000   Code   RO          754    x$fpl$usenofp       fz_ws.l(usenofp.o)
    0x080039cc   0x00000011   Data   RO          585    .constdata          c_w.l(__printf_flags_ss_wp.o)
    0x080039dd   0x00000003   PAD
    0x080039e0   0x00000008   Data   RO          622    .constdata          c_w.l(_printf_wctomb.o)
    0x080039e8   0x00000028   Data   RO          651    .constdata          c_w.l(_printf_hex_int_ll_ptr.o)
    0x08003a10   0x00000094   Data   RO          717    .constdata          c_w.l(bigflt0.o)
    0x08003aa4   0x0000013d   Data   RO          436    .conststring        sta_tcpclent_test.o
    0x08003be1   0x00000003   PAD
    0x08003be4   0x00000020   Data   RO          887    Region$$Table       anon$$obj.o
    0x08003c04   0x0000001c   Data   RO          741    locale$$data        c_w.l(lc_numeric_c.o)
    0x08003c20   0x00000110   Data   RO          762    locale$$data        c_w.l(lc_ctype_c.o)


    Execution Region RW_IRAM1 (Base: 0x20000000, Size: 0x00000bd8, Max: 0x00010000, ABSOLUTE)

    Base Addr    Size         Type   Attr      Idx    E Section Name        Object

    0x20000000   0x00000014   Data   RW            2    .data               system_stm32f10x.o
    0x20000014   0x00000014   Data   RW           99    .data               stm32f10x_rcc.o
    0x20000028   0x00000023   Data   RW          250    .data               main.o
    0x2000004b   0x00000001   Data   RW          437    .data               sta_tcpclent_test.o
    0x2000004c   0x00000004   Data   RW          465    .data               systick.o
    0x20000050   0x00000006   Data   RW          483    .data               usart.o
    0x20000056   0x00000002   PAD
    0x20000058   0x00000050   Zero   RW          249    .bss                main.o
    0x200000a8   0x00000402   Zero   RW          391    .bss                esp8266_drive.o
    0x200004aa   0x000000c8   Zero   RW          482    .bss                usart.o
    0x20000572   0x00000002   PAD
    0x20000574   0x00000060   Zero   RW          758    .bss                c_w.l(libspace.o)
    0x200005d4   0x00000004   PAD
    0x200005d8   0x00000200   Zero   RW          167    HEAP                startup_stm32f10x_hd.o
    0x200007d8   0x00000400   Zero   RW          166    STACK               startup_stm32f10x_hd.o


==============================================================================

Image component sizes


      Code (inc. data)   RO Data    RW Data    ZI Data      Debug   Object Name

         0          0          0          0          0         32   core_cm3.o
       248         10          0          0          0       1500   drv_uart.o
      1776        372          0          0       1026       6691   esp8266_drive.o
       360          0          0          0          0       2379   esp8266_public.o
       328         86          0         35         80     221088   main.o
       220         22          0          0          0     206477   misc.o
      1384        494        317          1          0       3281   sta_tcpclent_test.o
        64         26        304          0       1536        776   startup_stm32f10x_hd.o
       860         38          0          0          0       5681   stm32f10x_gpio.o
        26          0          0          0          0       1182   stm32f10x_it.o
       932         36          0         20          0       8836   stm32f10x_rcc.o
      1032         22          0          0          0      14428   stm32f10x_usart.o
       480         38          0         20          0      23287   system_stm32f10x.o
       204          8          0          4          0       1029   systick.o
       272         16          0          6        200       3052   usart.o

    ----------------------------------------------------------------------
      8188       1168        656         88       2844     499719   Object Totals
         0          0         32          0          0          0   (incl. Generated)
         2          0          3          2          2          0   (incl. Padding)

    ----------------------------------------------------------------------

      Code (inc. data)   RO Data    RW Data    ZI Data      Debug   Library Member Name

        24          4          0          0          0         84   __2printf.o
        44          6          0          0          0         84   __2sprintf.o
         8          0          0          0          0         68   __main.o
       392          4         17          0          0         92   __printf_flags_ss_wp.o
        14          0          0          0          0         68   __printf_wp.o
         0          0          0          0          0          0   __rtentry.o
        12          0          0          0          0          0   __rtentry2.o
         6          0          0          0          0          0   __rtentry4.o
        52          8          0          0          0          0   __scatter.o
        26          0          0          0          0          0   __scatter_copy.o
        28          0          0          0          0          0   __scatter_zi.o
         6          0          0          0          0          0   _printf_a.o
         6          0          0          0          0          0   _printf_c.o
        44          0          0          0          0        108   _printf_char.o
        48          6          0          0          0         96   _printf_char_common.o
        36          4          0          0          0         80   _printf_char_file.o
        40          0          0          0          0         68   _printf_charcount.o
         6          0          0          0          0          0   _printf_d.o
       120         16          0          0          0         92   _printf_dec.o
         6          0          0          0          0          0   _printf_e.o
         6          0          0          0          0          0   _printf_f.o
      1050          0          0          0          0        216   _printf_fp_dec.o
       128         16          0          0          0         84   _printf_fp_infnan.o
         6          0          0          0          0          0   _printf_g.o
       148          4         40          0          0        160   _printf_hex_int_ll_ptr.o
         6          0          0          0          0          0   _printf_i.o
       178          0          0          0          0         88   _printf_intcommon.o
        10          0          0          0          0          0   _printf_l.o
         6          0          0          0          0          0   _printf_lc.o
        10          0          0          0          0          0   _printf_ll.o
         6          0          0          0          0          0   _printf_lld.o
         6          0          0          0          0          0   _printf_lli.o
         6          0          0          0          0          0   _printf_llo.o
         6          0          0          0          0          0   _printf_llu.o
         6          0          0          0          0          0   _printf_llx.o
       124         16          0          0          0         92   _printf_longlong_dec.o
         6          0          0          0          0          0   _printf_ls.o
         6          0          0          0          0          0   _printf_n.o
         6          0          0          0          0          0   _printf_o.o
       112          8          0          0          0        124   _printf_oct_int_ll.o
         6          0          0          0          0          0   _printf_p.o
        78          0          0          0          0        108   _printf_pad.o
         0          0          0          0          0          0   _printf_percent.o
         4          0          0          0          0          0   _printf_percent_end.o
         6          0          0          0          0          0   _printf_s.o
        82          0          0          0          0         80   _printf_str.o
        36          0          0          0          0         84   _printf_truncate.o
         6          0          0          0          0          0   _printf_u.o
        44          0          0          0          0        108   _printf_wchar.o
       188          6          8          0          0         92   _printf_wctomb.o
         6          0          0          0          0          0   _printf_x.o
        10          0          0          0          0         68   _sputc.o
        64          0          0          0          0         92   _wcrtomb.o
       220          4        148          0          0         96   bigflt0.o
      1910        128          0          0          0        672   btod.o
        24          4          0          0          0         84   c89printf.o
        18          0          0          0          0         80   exit.o
         8          0          0          0          0         68   ferror.o
         6          0          0          0          0        152   heapauxi.o
        44         10        272          0          0         76   lc_ctype_c.o
        44         10         28          0          0         76   lc_numeric_c.o
         2          0          0          0          0          0   libinit.o
        30          0          0          0          0          0   libinit2.o
         2          0          0          0          0          0   libshutdown.o
         2          0          0          0          0          0   libshutdown2.o
         8          4          0          0         96         68   libspace.o
       138          0          0          0          0         80   lludiv10.o
        16          4          0          0          0         76   rt_ctype_table.o
         8          4          0          0          0         68   rt_locale_intlibspace.o
        78          0          0          0          0         80   rt_memclr_w.o
         2          0          0          0          0          0   rtexit.o
        10          0          0          0          0          0   rtexit2.o
        24          0          0          0          0         68   strcat.o
       128          0          0          0          0         68   strcmpv7m.o
        72          0          0          0          0         80   strcpy.o
        62          0          0          0          0         76   strlen.o
        36          0          0          0          0         80   strstr.o
        74          0          0          0          0         80   sys_stackheap_outer.o
         4          0          0          0          0         68   printf1.o
         0          0          0          0          0          0   usenofp.o
        40          0          0          0          0         68   fpclassify.o

    ----------------------------------------------------------------------
      6304        266        516          0        100       4500   Library Totals
        14          0          3          0          4          0   (incl. Padding)

    ----------------------------------------------------------------------

      Code (inc. data)   RO Data    RW Data    ZI Data      Debug   Library Name

      6246        266        513          0         96       4364   c_w.l
         4          0          0          0          0         68   fz_ws.l
        40          0          0          0          0         68   m_ws.l

    ----------------------------------------------------------------------
      6304        266        516          0        100       4500   Library Totals

    ----------------------------------------------------------------------

==============================================================================


      Code (inc. data)   RO Data    RW Data    ZI Data      Debug   

     14492       1434       1172         88       2944     500835   Grand Totals
     14492       1434       1172         88       2944     500835   ELF Image Totals
     14492       1434       1172         88          0          0   ROM Totals

==============================================================================

    Total RO  Size (Code + RO Data)                15664 (  15.30kB)
    Total RW  Size (RW Data + ZI Data)              3032 (   2.96kB)
    Total ROM Size (Code + RO Data + RW Data)      15752 (  15.38kB)

==============================================================================

